<html>
<body>
<pre>
<h1>µVision Build Log</h1>
<h2>Project:</h2>
C:\Users\Aramoki\Desktop\MINIDEVICE hih5031 sht11 lcd MENU with flash + menu + sayac\MINIDEVICE\MDK\minidevice.uvproj
Project File Date:  08/06/2015

<h2>Output:</h2>
Build target 'Aramok'
compiling armenu.c...
..\sensor_library\armenu.h(1): warning:  #1-D: last line of file ends without a newline
  void showmenu(int seek,int press, int * seekptr);
..\sensor_library\lcd_display.h(14): warning:  #1295-D: Deprecated declaration lcd_init - give arg types
  void lcd_init();
..\sensor_library\flash.h(15): warning:  #1-D: last line of file ends without a newline
  uint16_t oku_temp(int adr_num);
..\sensor_library\lcd_display.h(14): warning:  #1295-D: Deprecated declaration lcd_init - give arg types
  void lcd_init();
..\sensor_library\resetseeker.h(1): warning:  #1295-D: Deprecated declaration resetseek - give arg types
  void resetseek();
..\sensor_library\resetseeker.h(6): warning:  #1-D: last line of file ends without a newline
  void resettimer(void);
..\sensor_library\armenu.c(49): warning:  #177-D: variable "menu" was declared but never referenced
        char * menu = "                KAYITLAR        OKUMA YAP       TEMIZLE       USB AKTAR ";
..\sensor_library\armenu.c(50): warning:  #177-D: variable "substr" was declared but never referenced
        char substr[16];
..\sensor_library\armenu.c(437): warning:  #1-D: last line of file ends without a newline
  }
..\sensor_library\armenu.c: 9 warnings, 0 errors
linking...
Program Size: Code=15500 RO-data=484 RW-data=240 ZI-data=2120  
".\minidevice.axf" - 0 Error(s), 9 Warning(s).
Load "C:\\Users\\Aramoki\\Desktop\\MINIDEVICE hih5031 sht11 lcd MENU with flash + menu + sayac\\MINIDEVICE\\MDK\\minidevice.axf" 
Erase Done.
Programming Done.
Verify OK.
Application running ...
Load "C:\\Users\\Aramoki\\Desktop\\MINIDEVICE hih5031 sht11 lcd MENU with flash + menu + sayac\\MINIDEVICE\\MDK\\minidevice.axf" 
Erase Done.
Programming Done.
Verify OK.
Application running ...
</pre>
</body>
</html>
CE\\MDK\\minidevice.axf" 
Erase Done.
Programming Done.
Verify OK.
Application running ...
ary\resetseeker.h(1): warning:  #1295-D: Deprecated declaration resetseek - give arg types
  void resetseek();
..\sensor_library\resetseeker.h(6): warning:  #1-D: last line of file ends without a newline
  void resettimer(void);
..\sensor_library\armenu.c(49): warning:  #177-D: variable "menu" was declared but never referenced
        char * menu = "                KAYITLAR        OKUMA YAP       TEMIZLE       USB AKTAR ";
..\sensor_library\armenu.c(50): warning:  #177-D: variable "substr" was declared but never referenced
        char substr[16];
..\sensor_library\armenu.c(437): warning:  #1-D: last line of file ends without a newline
  }
..\sensor_library\armenu.c: 9 warnings, 0 errors
linking...
Program Size: Code=15500 RO-data=484 RW-data=240 ZI-data=2120  
".\minidevice.axf" - 0 Error(s), 20 Warning(s).
  #1-D: last line of file ends without a newline
  uint16_t oku_temp(int adr_num);
..\sensor_library\resetseeker.h(1): warning:  #1295-D: Deprecated declaration resetseek - give arg types
  void resetseek();
..\sensor_library\resetseeker.h(6): warning:  #1-D: last line of file ends without a newline
  void resettimer(void);
..\sensor_library\flash.c(88): warning:  #940-D: missing return statement at end of non-void function "flashyaz_name"
  }
..\sensor_library\flash.c(103): warning:  #940-D: missing return statement at end of non-void function "flashyaz_val"
  }
..\sensor_library\flash.c(95): warning:  #177-D: variable "i" was declared but never referenced
                int i;
..\sensor_library\flash.c(143): warning:  #177-D: variable "name" was declared but never referenced
                char  name [16];
..\sensor_library\flash.c(151): warning:  #177-D: variable "name" was declared but never referenced
                char  name [16];
..\sensor_library\flash.c: 9 warnings, 0 errors
compiling armenu.c...
..\sensor_library\armenu.h(1): warning:  #1-D: last line of file ends without a newline
  void showmenu(int seek,int press, int * seekptr);
..\sensor_library\lcd_display.h(14): warning:  #1295-D: Deprecated declaration lcd_init - give arg types
  void lcd_init();
..\sensor_library\flash.h(15): warning:  #1-D: last line of file ends without a newline
  uint16_t oku_temp(int adr_num);
..\sensor_library\lcd_display.h(14): warning:  #1295-D: Deprecated declaration lcd_init - give arg types
  void lcd_init();
..\sensor_library\resetseeker.h(1): warning:  #1295-D: Deprecated declaration resetseek - give arg types
  void resetseek();
..\sensor_library\resetseeker.h(6): warning:  #1-D: last line of file ends without a newline
  void resettimer(void);
..\sensor_library\armenu.c(49): warning:  #177-D: variable "menu" was declared but never referenced
        char * menu = "                KAYITLAR        OKUMA YAP       TEMIZLE       USB AKTAR ";
..\sensor_library\armenu.c(50): warning:  #177-D: variable "substr" was declared but never referenced
        char substr[16];
..\sensor_library\armenu.c(444): warning:  #1-D: last line of file ends without a newline
  }
..\sensor_library\armenu.c: 9 warnings, 0 errors
linking...
Program Size: Code=15532 RO-data=484 RW-data=244 ZI-data=2116  
".\minidevice.axf" - 0 Error(s), 35 Warning(s).
Load "C:\\Users\\Aramoki\\Desktop\\MINIDEVICE hih5031 sht11 lcd MENU with flash + menu + sayac\\MINIDEVICE\\MDK\\minidevice.axf" 
Erase Done.
Programming Done.
Verify OK.
Application running ...
