ARM Linker, 5.03 [Build 76] [MDK-ARM Lite]

==============================================================================

Section Cross References

    main.o(.text) refers to lcd_display.o(.text) for satir1
    main.o(.text) refers to flash.o(.text) for oku_name
    main.o(.text) refers to sht11.o(.text) for init
    main.o(.text) refers to hih5031.o(.text) for init_ADC
    main.o(.text) refers to stm32f10x_rcc.o(.text) for RCC_APB2PeriphClockCmd
    main.o(.text) refers to stm32f10x_gpio.o(.text) for GPIO_Init
    main.o(.text) refers to armenu.o(.text) for showmenu
    main.o(.text) refers to main.o(.data) for seekptr
    main.o(.text) refers to system_stm32f10x.o(.data) for SystemCoreClock
    stm32f10x_gpio.o(.text) refers to stm32f10x_rcc.o(.text) for RCC_APB2PeriphResetCmd
    stm32f10x_rcc.o(.text) refers to stm32f10x_rcc.o(.data) for APBAHBPrescTable
    stm32f10x_adc.o(.text) refers to stm32f10x_rcc.o(.text) for RCC_APB2PeriphResetCmd
    system_stm32f10x.o(.text) refers to system_stm32f10x.o(.data) for SystemCoreClock
    startup_stm32f10x_md_vl.o(STACK) refers (Special) to heapauxi.o(.text) for __use_two_region_memory
    startup_stm32f10x_md_vl.o(HEAP) refers (Special) to heapauxi.o(.text) for __use_two_region_memory
    startup_stm32f10x_md_vl.o(RESET) refers (Special) to heapauxi.o(.text) for __use_two_region_memory
    startup_stm32f10x_md_vl.o(RESET) refers to startup_stm32f10x_md_vl.o(STACK) for __initial_sp
    startup_stm32f10x_md_vl.o(RESET) refers to startup_stm32f10x_md_vl.o(.text) for Reset_Handler
    startup_stm32f10x_md_vl.o(RESET) refers to main.o(.text) for SysTick_Handler
    startup_stm32f10x_md_vl.o(.text) refers (Special) to heapauxi.o(.text) for __use_two_region_memory
    startup_stm32f10x_md_vl.o(.text) refers to system_stm32f10x.o(.text) for SystemInit
    startup_stm32f10x_md_vl.o(.text) refers to __main.o(!!!main) for __main
    startup_stm32f10x_md_vl.o(.text) refers to startup_stm32f10x_md_vl.o(HEAP) for Heap_Mem
    startup_stm32f10x_md_vl.o(.text) refers to startup_stm32f10x_md_vl.o(STACK) for Stack_Mem
    sht11.o(.text) refers to stm32f10x_gpio.o(.text) for GPIO_Init
    sht11.o(.text) refers to stm32f10x_rcc.o(.text) for RCC_APB2PeriphClockCmd
    sht11.o(.text) refers to dflt_clz.o(x$fpl$dfltu) for __aeabi_ui2d
    sht11.o(.text) refers to dmul.o(x$fpl$dmul) for __aeabi_dmul
    sht11.o(.text) refers to daddsub_clz.o(x$fpl$dsub) for __aeabi_dsub
    sht11.o(.text) refers to d2f.o(x$fpl$d2f) for __aeabi_d2f
    sht11.o(.text) refers to dflt_clz.o(x$fpl$dflt) for __aeabi_i2d
    sht11.o(.text) refers to fflt_clz.o(x$fpl$ffltu) for __aeabi_ui2f
    sht11.o(.text) refers to fmul.o(x$fpl$fmul) for __aeabi_fmul
    sht11.o(.text) refers to faddsub_clz.o(x$fpl$fadd) for __aeabi_fadd
    sht11.o(.text) refers to faddsub_clz.o(x$fpl$fsub) for __aeabi_fsub
    sht11.o(.text) refers to frleqf.o(x$fpl$frleqf) for __aeabi_cfrcmple
    sht11.o(.text) refers to f2d.o(x$fpl$f2d) for __aeabi_f2d
    sht11.o(.text) refers to dleqf.o(x$fpl$dleqf) for __aeabi_cdcmple
    sht11.o(.text) refers to ffix.o(x$fpl$ffix) for __aeabi_f2iz
    sht11.o(.text) refers to sht11.o(.data) for ucSens_Error
    sht11.o(.text) refers to fflt_clz.o(x$fpl$fflt) for __aeabi_i2f
    sht11.o(.text) refers to fdiv.o(x$fpl$fdiv) for __aeabi_fdiv
    hih5031.o(.text) refers to stm32f10x_rcc.o(.text) for RCC_APB2PeriphClockCmd
    hih5031.o(.text) refers to stm32f10x_gpio.o(.text) for GPIO_Init
    hih5031.o(.text) refers to stm32f10x_adc.o(.text) for ADC_Init
    hih5031.o(.text) refers to fflt_clz.o(x$fpl$ffltu) for __aeabi_ui2f
    hih5031.o(.text) refers to fmul.o(x$fpl$fmul) for __aeabi_fmul
    hih5031.o(.text) refers to fdiv.o(x$fpl$fdiv) for __aeabi_fdiv
    hih5031.o(.text) refers to f2d.o(x$fpl$f2d) for __aeabi_f2d
    hih5031.o(.text) refers to daddsub_clz.o(x$fpl$dsub) for __aeabi_dsub
    hih5031.o(.text) refers to ddiv.o(x$fpl$ddiv) for __aeabi_ddiv
    hih5031.o(.text) refers to d2f.o(x$fpl$d2f) for __aeabi_d2f
    hih5031.o(.text) refers to dmul.o(x$fpl$dmul) for __aeabi_dmul
    hih5031.o(.text) refers to daddsub_clz.o(x$fpl$drsb) for __aeabi_drsub
    hih5031.o(.text) refers to hih5031.o(.data) for msTicks
    hih5031.o(.text) refers to hih5031.o(.bss) for ADC_InitStructure
    lcd_display.o(.text) refers to stm32f10x_rcc.o(.text) for RCC_APB2PeriphClockCmd
    lcd_display.o(.text) refers to stm32f10x_gpio.o(.text) for GPIO_Init
    lcd_display.o(.text) refers to fflt_clz.o(x$fpl$fflt) for __aeabi_i2f
    lcd_display.o(.text) refers to fmul.o(x$fpl$fmul) for __aeabi_fmul
    lcd_display.o(.text) refers to ffixu.o(x$fpl$ffixu) for __aeabi_f2uiz
    lcd_display.o(.text) refers to fflt_clz.o(x$fpl$ffltu) for __aeabi_ui2f
    lcd_display.o(.text) refers to fdiv.o(x$fpl$fdiv) for __aeabi_fdiv
    lcd_display.o(.text) refers to faddsub_clz.o(x$fpl$frsb) for __aeabi_frsub
    lcd_display.o(.text) refers to lcd_display.o(.constdata) for .constdata
[...]
    rtexit2.o(.ARM.Collect$$rtexit$$00000004) refers to sys_exit.o(.text) for _sys_exit
    rtexit2.o(.ARM.exidx) refers to rtexit2.o(.ARM.Collect$$rtexit$$00000001) for .ARM.Collect$$rtexit$$00000001
    rtexit2.o(.ARM.exidx) refers to rtexit2.o(.ARM.Collect$$rtexit$$00000003) for .ARM.Collect$$rtexit$$00000003
    rtexit2.o(.ARM.exidx) refers to rtexit2.o(.ARM.Collect$$rtexit$$00000004) for .ARM.Collect$$rtexit$$00000004
    argv_veneer.o(.emb_text) refers to no_argv.o(.text) for __ARM_get_argv
    sys_exit.o(.text) refers (Special) to use_no_semi.o(.text) for __I$use$semihosting
    sys_exit.o(.text) refers (Special) to indicate_semi.o(.text) for __semihosting_library_function
    _get_argv_nomalloc.o(.text) refers (Special) to hrguard.o(.text) for __heap_region$guard
    _get_argv_nomalloc.o(.text) refers to defsig_rtmem_outer.o(.text) for __rt_SIGRTMEM
    _get_argv_nomalloc.o(.text) refers to sys_command.o(.text) for _sys_command_string
    libshutdown.o(.ARM.Collect$$libshutdown$$00000000) refers (Special) to libshutdown2.o(.ARM.Collect$$libshutdown$$00000006) for __rt_lib_shutdown_fp_trap_1
    libshutdown.o(.ARM.Collect$$libshutdown$$00000000) refers (Special) to libshutdown2.o(.ARM.Collect$$libshutdown$$0000000E) for __rt_lib_shutdown_heap_1
    libshutdown.o(.ARM.Collect$$libshutdown$$00000000) refers (Special) to libshutdown2.o(.ARM.Collect$$libshutdown$$0000000F) for __rt_lib_shutdown_return
    libshutdown.o(.ARM.Collect$$libshutdown$$00000000) refers (Special) to libshutdown2.o(.ARM.Collect$$libshutdown$$00000009) for __rt_lib_shutdown_signal_1
    libshutdown.o(.ARM.Collect$$libshutdown$$00000000) refers (Special) to libshutdown2.o(.ARM.Collect$$libshutdown$$00000003) for __rt_lib_shutdown_stdio_1
    libshutdown.o(.ARM.Collect$$libshutdown$$00000000) refers (Special) to libshutdown2.o(.ARM.Collect$$libshutdown$$0000000B) for __rt_lib_shutdown_user_alloc_1
    sys_command.o(.text) refers (Special) to use_no_semi.o(.text) for __I$use$semihosting
    sys_command.o(.text) refers (Special) to indicate_semi.o(.text) for __semihosting_library_function
    defsig_rtmem_outer.o(.text) refers to defsig_rtmem_inner.o(.text) for __rt_SIGRTMEM_inner
    defsig_rtmem_outer.o(.text) refers to defsig_exit.o(.text) for __sig_exit
    defsig_rtmem_formal.o(.text) refers to rt_raise.o(.text) for __rt_raise
    rt_raise.o(.text) refers to __raise.o(.text) for __raise
    rt_raise.o(.text) refers to sys_exit.o(.text) for _sys_exit
    defsig_exit.o(.text) refers to sys_exit.o(.text) for _sys_exit
    defsig_rtmem_inner.o(.text) refers to defsig_general.o(.text) for __default_signal_display
    __raise.o(.text) refers to defsig.o(CL$$defsig) for __default_signal_handler
    defsig_general.o(.text) refers to sys_wrch.o(.text) for _ttywrch
    sys_wrch.o(.text) refers (Special) to use_no_semi.o(.text) for __I$use$semihosting
    sys_wrch.o(.text) refers (Special) to indicate_semi.o(.text) for __semihosting_library_function
    defsig.o(CL$$defsig) refers to defsig_rtmem_inner.o(.text) for __rt_SIGRTMEM_inner
    defsig_abrt_inner.o(.text) refers to defsig_general.o(.text) for __default_signal_display
    defsig_fpe_inner.o(.text) refers to defsig_general.o(.text) for __default_signal_display
    defsig_rtred_inner.o(.text) refers to defsig_general.o(.text) for __default_signal_display
    defsig_stak_inner.o(.text) refers to defsig_general.o(.text) for __default_signal_display
    defsig_pvfn_inner.o(.text) refers to defsig_general.o(.text) for __default_signal_display
    defsig_cppl_inner.o(.text) refers to defsig_general.o(.text) for __default_signal_display
    defsig_segv_inner.o(.text) refers to defsig_general.o(.text) for __default_signal_display
    defsig_other.o(.text) refers to defsig_general.o(.text) for __default_signal_display


==============================================================================

Removing Unused input sections from the image.

    Removing main.o(.rev16_text), (4 bytes).
    Removing main.o(.revsh_text), (4 bytes).
    Removing main.o(.bss), (40 bytes).
    Removing stm32f10x_gpio.o(.rev16_text), (4 bytes).
    Removing stm32f10x_gpio.o(.revsh_text), (4 bytes).
    Removing stm32f10x_rcc.o(.rev16_text), (4 bytes).
    Removing stm32f10x_rcc.o(.revsh_text), (4 bytes).
    Removing stm32f10x_adc.o(.rev16_text), (4 bytes).
    Removing stm32f10x_adc.o(.revsh_text), (4 bytes).
    Removing stm32f10x_flash.o(.rev16_text), (4 bytes).
    Removing stm32f10x_flash.o(.revsh_text), (4 bytes).
    Removing system_stm32f10x.o(.rev16_text), (4 bytes).
    Removing system_stm32f10x.o(.revsh_text), (4 bytes).
    Removing sht11.o(.rev16_text), (4 bytes).
    Removing sht11.o(.revsh_text), (4 bytes).
    Removing sht11.o(.constdata), (20 bytes).
    Removing hih5031.o(.rev16_text), (4 bytes).
    Removing hih5031.o(.revsh_text), (4 bytes).
    Removing lcd_display.o(.rev16_text), (4 bytes).
    Removing lcd_display.o(.revsh_text), (4 bytes).
    Removing flash.o(.rev16_text), (4 bytes).
    Removing flash.o(.revsh_text), (4 bytes).
    Removing armenu.o(.rev16_text), (4 bytes).
    Removing armenu.o(.revsh_text), (4 bytes).

24 unused section(s) (total 148 bytes) removed from the image.

==============================================================================

Image Symbol Table

    Local Symbols

    Symbol Name                              Value     Ov Type        Size  Object(Section)

    ../clib/angel/boardlib.s                 0x00000000   Number         0  boardshut.o ABSOLUTE
    ../clib/angel/boardlib.s                 0x00000000   Number         0  boardinit3.o ABSOLUTE
    ../clib/angel/boardlib.s                 0x00000000   Number         0  boardinit2.o ABSOLUTE
    ../clib/angel/boardlib.s                 0x00000000   Number         0  boardinit1.o ABSOLUTE
    ../clib/angel/handlers.s                 0x00000000   Number         0  __scatter_copy.o ABSOLUTE
    ../clib/angel/handlers.s                 0x00000000   Number         0  __scatter_zi.o ABSOLUTE
    ../clib/angel/kernel.s                   0x00000000   Number         0  rtexit.o ABSOLUTE
    ../clib/angel/kernel.s                   0x00000000   Number         0  rtexit2.o ABSOLUTE
    ../clib/angel/kernel.s                   0x00000000   Number         0  rtentry.o ABSOLUTE
    ../clib/angel/kernel.s                   0x00000000   Number         0  rtentry2.o ABSOLUTE
    ../clib/angel/kernel.s                   0x00000000   Number         0  rtentry4.o ABSOLUTE
    ../clib/angel/rt.s                       0x00000000   Number         0  rt_raise.o ABSOLUTE
    ../clib/angel/scatter.s                  0x00000000   Number         0  __scatter.o ABSOLUTE
    ../clib/angel/startup.s                  0x00000000   Number         0  __main.o ABSOLUTE
    ../clib/angel/sys.s                      0x00000000   Number         0  libspace.o ABSOLUTE
    ../clib/angel/sys.s                      0x00000000   Number         0  sys_stackheap_outer.o ABSOLUTE
    ../clib/angel/sys.s                      0x00000000   Number         0  indicate_semi.o ABSOLUTE
    ../clib/angel/sys.s                      0x00000000   Number         0  use_no_semi.o ABSOLUTE
    ../clib/angel/sysapp.c                   0x00000000   Number         0  sys_wrch.o ABSOLUTE
    ../clib/angel/sysapp.c                   0x00000000   Number         0  sys_exit.o ABSOLUTE
    ../clib/angel/sysapp.c                   0x00000000   Number         0  sys_command.o ABSOLUTE
    ../clib/armsys.c                         0x00000000   Number         0  no_argv.o ABSOLUTE
    ../clib/armsys.c                         0x00000000   Number         0  _get_argv_nomalloc.o ABSOLUTE
    ../clib/armsys.c                         0x00000000   Number         0  argv_veneer.o ABSOLUTE
    ../clib/armsys.c                         0x00000000   Number         0  argv_veneer.o ABSOLUTE
    ../clib/heapalloc.c                      0x00000000   Number         0  hrguard.o ABSOLUTE
    ../clib/heapaux.c                        0x00000000   Number         0  heapauxi.o ABSOLUTE
    ../clib/libinit.s                        0x00000000   Number         0  libinit2.o ABSOLUTE
    ../clib/libinit.s                        0x00000000   Number         0  libinit.o ABSOLUTE
    ../clib/libinit.s                        0x00000000   Number         0  libshutdown2.o ABSOLUTE
    ../clib/libinit.s                        0x00000000   Number         0  libshutdown.o ABSOLUTE
    ../clib/printf.c                         0x00000000   Number         0  _printf_hex_int.o ABSOLUTE
    ../clib/printf.c                         0x00000000   Number         0  _printf_char_common.o ABSOLUTE
    ../clib/printf.c                         0x00000000   Number         0  _printf_intcommon.o ABSOLUTE
    ../clib/printf.c                         0x00000000   Number         0  __printf_nopercent.o ABSOLUTE
    ../clib/printf.c                         0x00000000   Number         0  _sputc.o ABSOLUTE
    ../clib/printf.c                         0x00000000   Number         0  __printf_flags_ss_wp.o ABSOLUTE
    ../clib/printf.c                         0x00000000   Number         0  __printf_ss_wp.o ABSOLUTE
    ../clib/printf.c                         0x00000000   Number         0  _printf_hex_ptr.o ABSOLUTE
    ../clib/printf.c                         0x00000000   Number         0  __printf_flags_wp.o ABSOLUTE
    ../clib/printf.c                         0x00000000   Number         0  __printf_wp.o ABSOLUTE
    ../clib/printf.c                         0x00000000   Number         0  __printf_flags_ss.o ABSOLUTE
    ../clib/printf.c                         0x00000000   Number         0  __printf_ss.o ABSOLUTE
    ../clib/printf.c                         0x00000000   Number         0  __2sprintf.o ABSOLUTE
    ../clib/printf.c                         0x00000000   Number         0  noretval__2sprintf.o ABSOLUTE
    ../clib/printf.c                         0x00000000   Number         0  __printf_flags.o ABSOLUTE
    ../clib/printf.c                         0x00000000   Number         0  __printf.o ABSOLUTE
    ../clib/printf.c                         0x00000000   Number         0  _printf_hex_int_ll_ptr.o ABSOLUTE
    ../clib/printf.c                         0x00000000   Number         0  _printf_hex_ll.o ABSOLUTE
    ../clib/printf.c                         0x00000000   Number         0  _printf_hex_ll_ptr.o ABSOLUTE
    ../clib/printf.c                         0x00000000   Number         0  _printf_hex_int_ptr.o ABSOLUTE
    ../clib/printf.c                         0x00000000   Number         0  _printf_hex_int_ll.o ABSOLUTE
    ../clib/printf_percent.s                 0x00000000   Number         0  _printf_percent.o ABSOLUTE
    ../clib/printf_percent.s                 0x00000000   Number         0  _printf_x.o ABSOLUTE
    ../clib/printf_percent.s                 0x00000000   Number         0  _printf_percent_end.o ABSOLUTE
    ../clib/signal.c                         0x00000000   Number         0  defsig_other.o ABSOLUTE
    ../clib/signal.c                         0x00000000   Number         0  defsig_exit.o ABSOLUTE
    ../clib/signal.c                         0x00000000   Number         0  defsig_stak_inner.o ABSOLUTE
    ../clib/signal.c                         0x00000000   Number         0  defsig_rtmem_inner.o ABSOLUTE
    ../clib/signal.c                         0x00000000   Number         0  __raise.o ABSOLUTE
    ../clib/signal.c                         0x00000000   Number         0  defsig_general.o ABSOLUTE
    ../clib/signal.c                         0x00000000   Number         0  defsig_pvfn_inner.o ABSOLUTE
    ../clib/signal.c                         0x00000000   Number         0  defsig_rtmem_outer.o ABSOLUTE
    ../clib/signal.c                         0x00000000   Number         0  defsig_abrt_inner.o ABSOLUTE
    ../clib/signal.c                         0x00000000   Number         0  defsig_cppl_inner.o ABSOLUTE
    ../clib/signal.c                         0x00000000   Number         0  defsig_segv_inner.o ABSOLUTE
    ../clib/signal.c                         0x00000000   Number         0  defsig_rtmem_formal.o ABSOLUTE
    ../clib/signal.c                         0x00000000   Number         0  defsig_fpe_inner.o ABSOLUTE
    ../clib/signal.c                         0x00000000   Number         0  defsig_rtred_inner.o ABSOLUTE
    ../clib/signal.s                         0x00000000   Number         0  defsig.o ABSOLUTE
    ../clib/stdlib.c                         0x00000000   Number         0  exit.o ABSOLUTE
    ../clib/string.c                         0x00000000   Number         0  strcpy.o ABSOLUTE
    ../clib/string.c                         0x00000000   Number         0  strlen.o ABSOLUTE
    ../fplib/d2f.s                           0x00000000   Number         0  d2f.o ABSOLUTE
    ../fplib/daddsub.s                       0x00000000   Number         0  daddsub_clz.o ABSOLUTE
    ../fplib/dcmpi.s                         0x00000000   Number         0  dcmpi.o ABSOLUTE
    ../fplib/ddiv.s                          0x00000000   Number         0  ddiv.o ABSOLUTE
    ../fplib/dflt.s                          0x00000000   Number         0  dflt_clz.o ABSOLUTE
    ../fplib/dleqf.s                         0x00000000   Number         0  dleqf.o ABSOLUTE
    ../fplib/dmul.s                          0x00000000   Number         0  dmul.o ABSOLUTE
    ../fplib/dnaninf.s                       0x00000000   Number         0  dnaninf.o ABSOLUTE
    ../fplib/dretinf.s                       0x00000000   Number         0  dretinf.o ABSOLUTE
    ../fplib/f2d.s                           0x00000000   Number         0  f2d.o ABSOLUTE
    ../fplib/faddsub.s                       0x00000000   Number         0  faddsub_clz.o ABSOLUTE
    ../fplib/fcmpi.s                         0x00000000   Number         0  fcmpi.o ABSOLUTE
    ../fplib/fdiv.s                          0x00000000   Number         0  fdiv.o ABSOLUTE
    ../fplib/ffix.s                          0x00000000   Number         0  ffix.o ABSOLUTE
    ../fplib/ffixu.s                         0x00000000   Number         0  ffixu.o ABSOLUTE
    ../fplib/fflt.s                          0x00000000   Number         0  fflt_clz.o ABSOLUTE
    ../fplib/fleqf.s                         0x00000000   Number         0  fleqf.o ABSOLUTE
    ../fplib/fmul.s                          0x00000000   Number         0  fmul.o ABSOLUTE
    ../fplib/fnaninf.s                       0x00000000   Number         0  fnaninf.o ABSOLUTE
    ../fplib/fpinit.s                        0x00000000   Number         0  fpinit.o ABSOLUTE
    ../fplib/fretinf.s                       0x00000000   Number         0  fretinf.o ABSOLUTE
    ../fplib/frleqf.s                        0x00000000   Number         0  frleqf.o ABSOLUTE
    ../fplib/usenofp.s                       0x00000000   Number         0  usenofp.o ABSOLUTE
    ..\\sensor_library\\armenu.c             0x00000000   Number         0  armenu.o ABSOLUTE
    ..\\sensor_library\\flash.c              0x00000000   Number         0  flash.o ABSOLUTE
    ..\\sensor_library\\hih5031.c            0x00000000   Number         0  hih5031.o ABSOLUTE
    ..\\sensor_library\\lcd_display.c        0x00000000   Number         0  lcd_display.o ABSOLUTE
    ..\\sensor_library\\sht11.c              0x00000000   Number         0  sht11.o ABSOLUTE
    ..\\src\\stm32f10x_adc.c                 0x00000000   Number         0  stm32f10x_adc.o ABSOLUTE
    ..\\src\\stm32f10x_flash.c               0x00000000   Number         0  stm32f10x_flash.o ABSOLUTE
    ..\\src\\stm32f10x_gpio.c                0x00000000   Number         0  stm32f10x_gpio.o ABSOLUTE
    ..\\src\\stm32f10x_rcc.c                 0x00000000   Number         0  stm32f10x_rcc.o ABSOLUTE
    ..\\startup\\system_stm32f10x.c          0x00000000   Number         0  system_stm32f10x.o ABSOLUTE
    ..\sensor_library\armenu.c               0x00000000   Number         0  armenu.o ABSOLUTE
    ..\sensor_library\flash.c                0x00000000   Number         0  flash.o ABSOLUTE
    ..\sensor_library\hih5031.c              0x00000000   Number         0  hih5031.o ABSOLUTE
    ..\sensor_library\lcd_display.c          0x00000000   Number         0  lcd_display.o ABSOLUTE
    ..\sensor_library\sht11.c                0x00000000   Number         0  sht11.o ABSOLUTE
    ..\src\stm32f10x_adc.c                   0x00000000   Number         0  stm32f10x_adc.o ABSOLUTE
    ..\src\stm32f10x_flash.c                 0x00000000   Number         0  stm32f10x_flash.o ABSOLUTE
    ..\src\stm32f10x_gpio.c                  0x00000000   Number         0  stm32f10x_gpio.o ABSOLUTE
    ..\src\stm32f10x_rcc.c                   0x00000000   Number         0  stm32f10x_rcc.o ABSOLUTE
    ..\startup\startup_stm32f10x_md_vl.s     0x00000000   Number         0  startup_stm32f10x_md_vl.o ABSOLUTE
    ..\startup\system_stm32f10x.c            0x00000000   Number         0  system_stm32f10x.o ABSOLUTE
    dc.s                                     0x00000000   Number         0  dc.o ABSOLUTE
    main.c                                   0x00000000   Number         0  main.o ABSOLUTE
    main.c                                   0x00000000   Number         0  main.o ABSOLUTE
    RESET                                    0x08000000   Section      288  startup_stm32f10x_md_vl.o(RESET)
    !!!main                                  0x08000120   Section        8  __main.o(!!!main)
    !!!scatter                               0x08000128   Section       52  __scatter.o(!!!scatter)
    !!handler_copy                           0x0800015c   Section       26  __scatter_copy.o(!!handler_copy)
    !!handler_zi                             0x08000178   Section       28  __scatter_zi.o(!!handler_zi)
    .ARM.Collect$$_printf_percent$$00000000  0x08000194   Section        0  _printf_percent.o(.ARM.Collect$$_printf_percent$$00000000)
    .ARM.Collect$$_printf_percent$$0000000C  0x08000194   Section        6  _printf_x.o(.ARM.Collect$$_printf_percent$$0000000C)
    .ARM.Collect$$_printf_percent$$00000017  0x0800019a   Section        4  _printf_percent_end.o(.ARM.Collect$$_printf_percent$$00000017)
    .ARM.Collect$$libinit$$00000000          0x0800019e   Section        2  libinit.o(.ARM.Collect$$libinit$$00000000)
    .ARM.Collect$$libinit$$00000002          0x080001a0   Section        0  libinit2.o(.ARM.Collect$$libinit$$00000002)
    .ARM.Collect$$libinit$$00000008          0x080001a0   Section        0  libinit2.o(.ARM.Collect$$libinit$$00000008)
    .ARM.Collect$$libinit$$0000000A          0x080001a0   Section        0  libinit2.o(.ARM.Collect$$libinit$$0000000A)
    .ARM.Collect$$libinit$$0000000C          0x080001a0   Section        0  libinit2.o(.ARM.Collect$$libinit$$0000000C)
    .ARM.Collect$$libinit$$0000000F          0x080001a0   Section        0  libinit2.o(.ARM.Collect$$libinit$$0000000F)
    .ARM.Collect$$libinit$$00000011          0x080001a0   Section        0  libinit2.o(.ARM.Collect$$libinit$$00000011)
    .ARM.Collect$$libinit$$00000013          0x080001a0   Section        0  libinit2.o(.ARM.Collect$$libinit$$00000013)
    .ARM.Collect$$libinit$$00000015          0x080001a0   Section        0  libinit2.o(.ARM.Collect$$libinit$$00000015)
    .ARM.Collect$$libinit$$00000017          0x080001a0   Section        0  libinit2.o(.ARM.Collect$$libinit$$00000017)
    .ARM.Collect$$libinit$$00000019          0x080001a0   Section        0  libinit2.o(.ARM.Collect$$libinit$$00000019)
    .ARM.Collect$$libinit$$0000001B          0x080001a0   Section        0  libinit2.o(.ARM.Collect$$libinit$$0000001B)
    .ARM.Collect$$libinit$$0000001D          0x080001a0   Section        0  libinit2.o(.ARM.Collect$$libinit$$0000001D)
    .ARM.Collect$$libinit$$0000001F          0x080001a0   Section        0  libinit2.o(.ARM.Collect$$libinit$$0000001F)
    .ARM.Collect$$libinit$$00000021          0x080001a0   Section        0  libinit2.o(.ARM.Collect$$libinit$$00000021)
    .ARM.Collect$$libinit$$00000023          0x080001a0   Section        0  libinit2.o(.ARM.Collect$$libinit$$00000023)
    .ARM.Collect$$libinit$$0000002A          0x080001a0   Section        0  libinit2.o(.ARM.Collect$$libinit$$0000002A)
    .ARM.Collect$$libinit$$0000002C          0x080001a0   Section        0  libinit2.o(.ARM.Collect$$libinit$$0000002C)
    .ARM.Collect$$libinit$$0000002E          0x080001a0   Section        0  libinit2.o(.ARM.Collect$$libinit$$0000002E)
    .ARM.Collect$$libinit$$00000030          0x080001a0   Section        0  libinit2.o(.ARM.Collect$$libinit$$00000030)
    .ARM.Collect$$libinit$$00000031          0x080001a0   Section        2  libinit2.o(.ARM.Collect$$libinit$$00000031)
    .ARM.Collect$$libshutdown$$00000000      0x080001a2   Section        2  libshutdown.o(.ARM.Collect$$libshutdown$$00000000)
    .ARM.Collect$$libshutdown$$00000003      0x080001a4   Section        0  libshutdown2.o(.ARM.Collect$$libshutdown$$00000003)
    .ARM.Collect$$libshutdown$$00000006      0x080001a4   Section        0  libshutdown2.o(.ARM.Collect$$libshutdown$$00000006)
    .ARM.Collect$$libshutdown$$00000009      0x080001a4   Section        0  libshutdown2.o(.ARM.Collect$$libshutdown$$00000009)
    .ARM.Collect$$libshutdown$$0000000B      0x080001a4   Section        0  libshutdown2.o(.ARM.Collect$$libshutdown$$0000000B)
    .ARM.Collect$$libshutdown$$0000000E      0x080001a4   Section        0  libshutdown2.o(.ARM.Collect$$libshutdown$$0000000E)
    .ARM.Collect$$libshutdown$$0000000F      0x080001a4   Section        2  libshutdown2.o(.ARM.Collect$$libshutdown$$0000000F)
    .ARM.Collect$$rtentry$$00000000          0x080001a6   Section        0  rtentry.o(.ARM.Collect$$rtentry$$00000000)
    .ARM.Collect$$rtentry$$00000002          0x080001a6   Section        0  rtentry2.o(.ARM.Collect$$rtentry$$00000002)
    .ARM.Collect$$rtentry$$00000004          0x080001a6   Section        6  rtentry4.o(.ARM.Collect$$rtentry$$00000004)
    .ARM.Collect$$rtentry$$00000009          0x080001ac   Section        0  rtentry2.o(.ARM.Collect$$rtentry$$00000009)
    .ARM.Collect$$rtentry$$0000000A          0x080001ac   Section        4  rtentry2.o(.ARM.Collect$$rtentry$$0000000A)
    .ARM.Collect$$rtentry$$0000000C          0x080001b0   Section        0  rtentry2.o(.ARM.Collect$$rtentry$$0000000C)
    .ARM.Collect$$rtentry$$0000000D          0x080001b0   Section        8  rtentry2.o(.ARM.Collect$$rtentry$$0000000D)
    .ARM.Collect$$rtexit$$00000000           0x080001b8   Section        2  rtexit.o(.ARM.Collect$$rtexit$$00000000)
    .ARM.Collect$$rtexit$$00000002           0x080001ba   Section        0  rtexit2.o(.ARM.Collect$$rtexit$$00000002)
    .ARM.Collect$$rtexit$$00000003           0x080001ba   Section        4  rtexit2.o(.ARM.Collect$$rtexit$$00000003)
    .ARM.Collect$$rtexit$$00000004           0x080001be   Section        6  rtexit2.o(.ARM.Collect$$rtexit$$00000004)
    .text                                    0x080001c4   Section        0  main.o(.text)
    .text                                    0x08000388   Section        0  stm32f10x_gpio.o(.text)
    .text                                    0x080006e0   Section        0  stm32f10x_rcc.o(.text)
    .text                                    0x08000aa4   Section        0  stm32f10x_adc.o(.text)
    .text                                    0x08000ef4   Section        0  stm32f10x_flash.o(.text)
    .text                                    0x080014b0   Section        0  system_stm32f10x.o(.text)
    SetSysClockTo24                          0x080014b1   Thumb Code   176  system_stm32f10x.o(.text)
    SetSysClock                              0x08001561   Thumb Code     8  system_stm32f10x.o(.text)
    .text                                    0x08001664   Section       64  startup_stm32f10x_md_vl.o(.text)
    .text                                    0x080016a4   Section        0  sht11.o(.text)
    .text                                    0x08001c00   Section        0  hih5031.o(.text)
    .text                                    0x08001d64   Section        0  lcd_display.o(.text)
    .text                                    0x08002034   Section        0  flash.o(.text)
    .text                                    0x0800222c   Section        0  armenu.o(.text)
    .text                                    0x08002ab8   Section        0  noretval__2sprintf.o(.text)
    .text                                    0x08002ae0   Section        0  __printf.o(.text)
    .text                                    0x08002b48   Section        0  _printf_hex_int.o(.text)
    .text                                    0x08002ba4   Section        0  strcpy.o(.text)
    .text                                    0x08002bec   Section        0  strlen.o(.text)
    .text                                    0x08002c2a   Section        0  heapauxi.o(.text)
    .text                                    0x08002c30   Section        0  _printf_intcommon.o(.text)
    .text                                    0x08002ce8   Section        0  _printf_char_common.o(.text)
    _printf_input_char                       0x08002ce9   Thumb Code    10  _printf_char_common.o(.text)
    .text                                    0x08002d18   Section        0  _sputc.o(.text)
    .text                                    0x08002d22   Section       74  sys_stackheap_outer.o(.text)
    .text                                    0x08002d6c   Section        0  exit.o(.text)
    .text                                    0x08002d78   Section        8  libspace.o(.text)
    .text                                    0x08002d80   Section        0  sys_exit.o(.text)
    .text                                    0x08002d8c   Section        2  use_no_semi.o(.text)
    .text                                    0x08002d8e   Section        0  indicate_semi.o(.text)
    x$fpl$d2f                                0x08002d90   Section       98  d2f.o(x$fpl$d2f)
    x$fpl$dadd                               0x08002df4   Section      336  daddsub_clz.o(x$fpl$dadd)
    _dadd1                                   0x08002e05   Thumb Code     0  daddsub_clz.o(x$fpl$dadd)
    x$fpl$dcmpinf                            0x08002f44   Section       24  dcmpi.o(x$fpl$dcmpinf)
    x$fpl$ddiv                               0x08002f5c   Section      688  ddiv.o(x$fpl$ddiv)
    ddiv_entry                               0x08002f63   Thumb Code     0  ddiv.o(x$fpl$ddiv)
    x$fpl$dflt                               0x0800320c   Section       46  dflt_clz.o(x$fpl$dflt)
    x$fpl$dfltu                              0x0800323a   Section       38  dflt_clz.o(x$fpl$dfltu)
    x$fpl$dleqf                              0x08003260   Section      120  dleqf.o(x$fpl$dleqf)
    x$fpl$dmul                               0x080032d8   Section      340  dmul.o(x$fpl$dmul)
    x$fpl$dnaninf                            0x0800342c   Section      156  dnaninf.o(x$fpl$dnaninf)
    x$fpl$dretinf                            0x080034c8   Section       12  dretinf.o(x$fpl$dretinf)
    x$fpl$drsb                               0x080034d4   Section       22  daddsub_clz.o(x$fpl$drsb)
    x$fpl$dsub                               0x080034ec   Section      468  daddsub_clz.o(x$fpl$dsub)
    _dsub1                                   0x080034fd   Thumb Code     0  daddsub_clz.o(x$fpl$dsub)
    x$fpl$f2d                                0x080036c0   Section       86  f2d.o(x$fpl$f2d)
    x$fpl$fadd                               0x08003718   Section      196  faddsub_clz.o(x$fpl$fadd)
    _fadd1                                   0x08003727   Thumb Code     0  faddsub_clz.o(x$fpl$fadd)
    x$fpl$fcmpinf                            0x080037dc   Section       24  fcmpi.o(x$fpl$fcmpinf)
    x$fpl$fdiv                               0x080037f4   Section      388  fdiv.o(x$fpl$fdiv)
    _fdiv1                                   0x080037f5   Thumb Code     0  fdiv.o(x$fpl$fdiv)
    x$fpl$ffix                               0x08003978   Section       54  ffix.o(x$fpl$ffix)
    x$fpl$ffixu                              0x080039b0   Section       62  ffixu.o(x$fpl$ffixu)
    x$fpl$fflt                               0x080039f0   Section       48  fflt_clz.o(x$fpl$fflt)
    x$fpl$ffltu                              0x08003a20   Section       38  fflt_clz.o(x$fpl$ffltu)
    x$fpl$fleqf                              0x08003a48   Section      104  fleqf.o(x$fpl$fleqf)
    x$fpl$fmul                               0x08003ab0   Section      258  fmul.o(x$fpl$fmul)
    x$fpl$fnaninf                            0x08003bb2   Section      140  fnaninf.o(x$fpl$fnaninf)
    x$fpl$fretinf                            0x08003c3e   Section       10  fretinf.o(x$fpl$fretinf)
    x$fpl$frleqf                             0x08003c48   Section       98  frleqf.o(x$fpl$frleqf)
    x$fpl$frsb                               0x08003caa   Section       20  faddsub_clz.o(x$fpl$frsb)
    x$fpl$fsub                               0x08003cc0   Section      234  faddsub_clz.o(x$fpl$fsub)
    _fsub1                                   0x08003ccf   Thumb Code     0  faddsub_clz.o(x$fpl$fsub)
    x$fpl$usenofp                            0x08003daa   Section        0  usenofp.o(x$fpl$usenofp)
    .constdata                               0x08003dac   Section       48  lcd_display.o(.constdata)
    .constdata                               0x08003ddc   Section       73  armenu.o(.constdata)
    .constdata                               0x08003e25   Section       40  _printf_hex_int.o(.constdata)
    uc_hextab                                0x08003e25   Data          20  _printf_hex_int.o(.constdata)
    lc_hextab                                0x08003e39   Data          20  _printf_hex_int.o(.constdata)
    .data                                    0x20000000   Section       70  main.o(.data)
    .data                                    0x20000046   Section       20  stm32f10x_rcc.o(.data)
    APBAHBPrescTable                         0x20000046   Data          16  stm32f10x_rcc.o(.data)
    ADCPrescTable                            0x20000056   Data           4  stm32f10x_rcc.o(.data)
    .data                                    0x2000005c   Section       20  system_stm32f10x.o(.data)
    .data                                    0x20000070   Section       12  sht11.o(.data)
    .data                                    0x2000007c   Section        8  hih5031.o(.data)
    .data                                    0x20000084   Section      108  armenu.o(.data)
    .bss                                     0x200000f0   Section       20  hih5031.o(.bss)
    .bss                                     0x20000104   Section      464  armenu.o(.bss)
    .bss                                     0x200002d4   Section       96  libspace.o(.bss)
    HEAP                                     0x20000338   Section      512  startup_stm32f10x_md_vl.o(HEAP)
    Heap_Mem                                 0x20000338   Data         512  startup_stm32f10x_md_vl.o(HEAP)
    STACK                                    0x20000538   Section     1024  startup_stm32f10x_md_vl.o(STACK)
    Stack_Mem                                0x20000538   Data        1024  startup_stm32f10x_md_vl.o(STACK)
    __initial_sp                             0x20000938   Data           0  startup_stm32f10x_md_vl.o(STACK)

    Global Symbols

    Symbol Name                              Value     Ov Type        Size  Object(Section)

    BuildAttributes$$THM_ISAv4$P$D$K$B$S$PE$A:L22UL41UL21$X:L11$S22US41US21$IEEE1$IW$USESV6$~STKCKD$USESV7$~SHL$OSPACE$ROPI$EBA8$UX$STANDARDLIB$REQ8$PRES8$EABIv2 0x00000000   Number         0  anon$$obj.o ABSOLUTE
    __ARM_use_no_argv                        0x00000000   Number         0  main.o ABSOLUTE
    __ARM_exceptions_init                     - Undefined Weak Reference
    __alloca_initialize                       - Undefined Weak Reference
    __cpp_initialize__aeabi_                  - Undefined Weak Reference
    __cxa_finalize                            - Undefined Weak Reference
    __rt_locale                               - Undefined Weak Reference
    __sigvec_lookup                           - Undefined Weak Reference
    _atexit_init                              - Undefined Weak Reference
    _call_atexit_fns                          - Undefined Weak Reference
    _clock_init                               - Undefined Weak Reference
    _fp_trap_init                             - Undefined Weak Reference
    _fp_trap_shutdown                         - Undefined Weak Reference
    _get_lc_collate                           - Undefined Weak Reference
    _get_lc_ctype                             - Undefined Weak Reference
    _get_lc_monetary                          - Undefined Weak Reference
    _get_lc_numeric                           - Undefined Weak Reference
    _get_lc_time                              - Undefined Weak Reference
    _getenv_init                              - Undefined Weak Reference
    _handle_redirection                       - Undefined Weak Reference
    _init_alloc                               - Undefined Weak Reference
    _init_user_alloc                          - Undefined Weak Reference
    _initio                                   - Undefined Weak Reference
    _printf_post_padding                      - Undefined Weak Reference
    _printf_pre_padding                       - Undefined Weak Reference
    _printf_truncate_unsigned                 - Undefined Weak Reference
    _rand_init                                - Undefined Weak Reference
    _signal_finish                            - Undefined Weak Reference
    _signal_init                              - Undefined Weak Reference
    _terminate_alloc                          - Undefined Weak Reference
    _terminate_user_alloc                     - Undefined Weak Reference
    _terminateio                              - Undefined Weak Reference
    __Vectors_Size                           0x00000120   Number         0  startup_stm32f10x_md_vl.o ABSOLUTE
    __Vectors                                0x08000000   Data           4  startup_stm32f10x_md_vl.o(RESET)
    __Vectors_End                            0x08000120   Data           0  startup_stm32f10x_md_vl.o(RESET)
    __main                                   0x08000121   Thumb Code     8  __main.o(!!!main)
    __scatterload                            0x08000129   Thumb Code     0  __scatter.o(!!!scatter)
    __scatterload_rt2                        0x08000129   Thumb Code    44  __scatter.o(!!!scatter)
    __scatterload_rt2_thumb_only             0x08000129   Thumb Code     0  __scatter.o(!!!scatter)
    __scatterload_null                       0x08000137   Thumb Code     0  __scatter.o(!!!scatter)
    __scatterload_copy                       0x0800015d   Thumb Code    26  __scatter_copy.o(!!handler_copy)
    __scatterload_zeroinit                   0x08000179   Thumb Code    28  __scatter_zi.o(!!handler_zi)
    _printf_percent                          0x08000195   Thumb Code     0  _printf_percent.o(.ARM.Collect$$_printf_percent$$00000000)
    _printf_x                                0x08000195   Thumb Code     0  _printf_x.o(.ARM.Collect$$_printf_percent$$0000000C)
    _printf_percent_end                      0x0800019b   Thumb Code     0  _printf_percent_end.o(.ARM.Collect$$_printf_percent$$00000017)
    __rt_lib_init                            0x0800019f   Thumb Code     0  libinit.o(.ARM.Collect$$libinit$$00000000)
    __rt_lib_init_alloca_1                   0x080001a1   Thumb Code     0  libinit2.o(.ARM.Collect$$libinit$$0000002C)
    __rt_lib_init_argv_1                     0x080001a1   Thumb Code     0  libinit2.o(.ARM.Collect$$libinit$$0000002A)
    __rt_lib_init_atexit_1                   0x080001a1   Thumb Code     0  libinit2.o(.ARM.Collect$$libinit$$00000019)
    __rt_lib_init_clock_1                    0x080001a1   Thumb Code     0  libinit2.o(.ARM.Collect$$libinit$$0000001F)
    __rt_lib_init_cpp_1                      0x080001a1   Thumb Code     0  libinit2.o(.ARM.Collect$$libinit$$00000030)
    __rt_lib_init_exceptions_1               0x080001a1   Thumb Code     0  libinit2.o(.ARM.Collect$$libinit$$0000002E)
    __rt_lib_init_fp_1                       0x080001a1   Thumb Code     0  libinit2.o(.ARM.Collect$$libinit$$00000002)
    __rt_lib_init_fp_trap_1                  0x080001a1   Thumb Code     0  libinit2.o(.ARM.Collect$$libinit$$0000001D)
    __rt_lib_init_getenv_1                   0x080001a1   Thumb Code     0  libinit2.o(.ARM.Collect$$libinit$$00000021)
    __rt_lib_init_heap_1                     0x080001a1   Thumb Code     0  libinit2.o(.ARM.Collect$$libinit$$00000008)
    __rt_lib_init_lc_collate_1               0x080001a1   Thumb Code     0  libinit2.o(.ARM.Collect$$libinit$$0000000F)
    __rt_lib_init_lc_ctype_1                 0x080001a1   Thumb Code     0  libinit2.o(.ARM.Collect$$libinit$$00000011)
    __rt_lib_init_lc_monetary_1              0x080001a1   Thumb Code     0  libinit2.o(.ARM.Collect$$libinit$$00000013)
    __rt_lib_init_lc_numeric_1               0x080001a1   Thumb Code     0  libinit2.o(.ARM.Collect$$libinit$$00000015)
    __rt_lib_init_lc_time_1                  0x080001a1   Thumb Code     0  libinit2.o(.ARM.Collect$$libinit$$00000017)
    __rt_lib_init_rand_1                     0x080001a1   Thumb Code     0  libinit2.o(.ARM.Collect$$libinit$$0000000C)
    __rt_lib_init_return                     0x080001a1   Thumb Code     0  libinit2.o(.ARM.Collect$$libinit$$00000031)
    __rt_lib_init_signal_1                   0x080001a1   Thumb Code     0  libinit2.o(.ARM.Collect$$libinit$$0000001B)
    __rt_lib_init_stdio_1                    0x080001a1   Thumb Code     0  libinit2.o(.ARM.Collect$$libinit$$00000023)
    __rt_lib_init_user_alloc_1               0x080001a1   Thumb Code     0  libinit2.o(.ARM.Collect$$libinit$$0000000A)
    __rt_lib_shutdown                        0x080001a3   Thumb Code     0  libshutdown.o(.ARM.Collect$$libshutdown$$00000000)
    __rt_lib_shutdown_fp_trap_1              0x080001a5   Thumb Code     0  libshutdown2.o(.ARM.Collect$$libshutdown$$00000006)
    __rt_lib_shutdown_heap_1                 0x080001a5   Thumb Code     0  libshutdown2.o(.ARM.Collect$$libshutdown$$0000000E)
    __rt_lib_shutdown_return                 0x080001a5   Thumb Code     0  libshutdown2.o(.ARM.Collect$$libshutdown$$0000000F)
    __rt_lib_shutdown_signal_1               0x080001a5   Thumb Code     0  libshutdown2.o(.ARM.Collect$$libshutdown$$00000009)
    __rt_lib_shutdown_stdio_1                0x080001a5   Thumb Code     0  libshutdown2.o(.ARM.Collect$$libshutdown$$00000003)
    __rt_lib_shutdown_user_alloc_1           0x080001a5   Thumb Code     0  libshutdown2.o(.ARM.Collect$$libshutdown$$0000000B)
    __rt_entry                               0x080001a7   Thumb Code     0  rtentry.o(.ARM.Collect$$rtentry$$00000000)
    __rt_entry_presh_1                       0x080001a7   Thumb Code     0  rtentry2.o(.ARM.Collect$$rtentry$$00000002)
    __rt_entry_sh                            0x080001a7   Thumb Code     0  rtentry4.o(.ARM.Collect$$rtentry$$00000004)
    __rt_entry_li                            0x080001ad   Thumb Code     0  rtentry2.o(.ARM.Collect$$rtentry$$0000000A)
    __rt_entry_postsh_1                      0x080001ad   Thumb Code     0  rtentry2.o(.ARM.Collect$$rtentry$$00000009)
    __rt_entry_main                          0x080001b1   Thumb Code     0  rtentry2.o(.ARM.Collect$$rtentry$$0000000D)
    __rt_entry_postli_1                      0x080001b1   Thumb Code     0  rtentry2.o(.ARM.Collect$$rtentry$$0000000C)
    __rt_exit                                0x080001b9   Thumb Code     0  rtexit.o(.ARM.Collect$$rtexit$$00000000)
    __rt_exit_ls                             0x080001bb   Thumb Code     0  rtexit2.o(.ARM.Collect$$rtexit$$00000003)
    __rt_exit_prels_1                        0x080001bb   Thumb Code     0  rtexit2.o(.ARM.Collect$$rtexit$$00000002)
    __rt_exit_exit                           0x080001bf   Thumb Code     0  rtexit2.o(.ARM.Collect$$rtexit$$00000004)
    kayitgoster                              0x080001c5   Thumb Code    60  main.o(.text)
    resetseek                                0x08000201   Thumb Code    10  main.o(.text)
    setseek                                  0x0800020b   Thumb Code     4  main.o(.text)
    SysTick_Handler                          0x0800020f   Thumb Code    12  main.o(.text)
    gettimer                                 0x0800021b   Thumb Code     6  main.o(.text)
    resettimer                               0x08000221   Thumb Code     8  main.o(.text)
    main                                     0x08000229   Thumb Code   292  main.o(.text)
    GPIO_DeInit                              0x08000389   Thumb Code   172  stm32f10x_gpio.o(.text)
    GPIO_AFIODeInit                          0x08000435   Thumb Code    20  stm32f10x_gpio.o(.text)
    GPIO_Init                                0x08000449   Thumb Code   274  stm32f10x_gpio.o(.text)
    GPIO_StructInit                          0x0800055b   Thumb Code    16  stm32f10x_gpio.o(.text)
    GPIO_ReadInputDataBit                    0x0800056b   Thumb Code    18  stm32f10x_gpio.o(.text)
    GPIO_ReadInputData                       0x0800057d   Thumb Code     8  stm32f10x_gpio.o(.text)
    GPIO_ReadOutputDataBit                   0x08000585   Thumb Code    18  stm32f10x_gpio.o(.text)
    GPIO_ReadOutputData                      0x08000597   Thumb Code     8  stm32f10x_gpio.o(.text)
    GPIO_SetBits                             0x0800059f   Thumb Code     4  stm32f10x_gpio.o(.text)
    GPIO_ResetBits                           0x080005a3   Thumb Code     4  stm32f10x_gpio.o(.text)
    GPIO_WriteBit                            0x080005a7   Thumb Code    10  stm32f10x_gpio.o(.text)
    GPIO_Write                               0x080005b1   Thumb Code     4  stm32f10x_gpio.o(.text)
    GPIO_PinLockConfig                       0x080005b5   Thumb Code    18  stm32f10x_gpio.o(.text)
    GPIO_EventOutputConfig                   0x080005c7   Thumb Code    26  stm32f10x_gpio.o(.text)
    GPIO_EventOutputCmd                      0x080005e1   Thumb Code     6  stm32f10x_gpio.o(.text)
    GPIO_PinRemapConfig                      0x080005e7   Thumb Code   138  stm32f10x_gpio.o(.text)
    GPIO_EXTILineConfig                      0x08000671   Thumb Code    66  stm32f10x_gpio.o(.text)
    GPIO_ETH_MediaInterfaceConfig            0x080006b3   Thumb Code     6  stm32f10x_gpio.o(.text)
    RCC_DeInit                               0x080006e1   Thumb Code    68  stm32f10x_rcc.o(.text)
    RCC_HSEConfig                            0x08000725   Thumb Code    70  stm32f10x_rcc.o(.text)
    RCC_GetFlagStatus                        0x0800076b   Thumb Code    56  stm32f10x_rcc.o(.text)
    RCC_WaitForHSEStartUp                    0x080007a3   Thumb Code    56  stm32f10x_rcc.o(.text)
    RCC_AdjustHSICalibrationValue            0x080007db   Thumb Code    20  stm32f10x_rcc.o(.text)
    RCC_HSICmd                               0x080007ef   Thumb Code     6  stm32f10x_rcc.o(.text)
    RCC_PLLConfig                            0x080007f5   Thumb Code    24  stm32f10x_rcc.o(.text)
    RCC_PLLCmd                               0x0800080d   Thumb Code     6  stm32f10x_rcc.o(.text)
    RCC_PREDIV1Config                        0x08000813   Thumb Code    24  stm32f10x_rcc.o(.text)
    RCC_SYSCLKConfig                         0x0800082b   Thumb Code    18  stm32f10x_rcc.o(.text)
    RCC_GetSYSCLKSource                      0x0800083d   Thumb Code    10  stm32f10x_rcc.o(.text)
    RCC_HCLKConfig                           0x08000847   Thumb Code    18  stm32f10x_rcc.o(.text)
    RCC_PCLK1Config                          0x08000859   Thumb Code    18  stm32f10x_rcc.o(.text)
    RCC_PCLK2Config                          0x0800086b   Thumb Code    20  stm32f10x_rcc.o(.text)
    RCC_ITConfig                             0x0800087f   Thumb Code    26  stm32f10x_rcc.o(.text)
    RCC_USBCLKConfig                         0x08000899   Thumb Code     6  stm32f10x_rcc.o(.text)
    RCC_ADCCLKConfig                         0x0800089f   Thumb Code    18  stm32f10x_rcc.o(.text)
    RCC_LSEConfig                            0x080008b1   Thumb Code    44  stm32f10x_rcc.o(.text)
    RCC_LSICmd                               0x080008dd   Thumb Code     6  stm32f10x_rcc.o(.text)
    RCC_RTCCLKConfig                         0x080008e3   Thumb Code    12  stm32f10x_rcc.o(.text)
    RCC_RTCCLKCmd                            0x080008ef   Thumb Code     8  stm32f10x_rcc.o(.text)
    RCC_GetClocksFreq                        0x080008f7   Thumb Code   190  stm32f10x_rcc.o(.text)
    RCC_AHBPeriphClockCmd                    0x080009b5   Thumb Code    26  stm32f10x_rcc.o(.text)
    RCC_APB2PeriphClockCmd                   0x080009cf   Thumb Code    26  stm32f10x_rcc.o(.text)
    RCC_APB1PeriphClockCmd                   0x080009e9   Thumb Code    26  stm32f10x_rcc.o(.text)
    RCC_APB2PeriphResetCmd                   0x08000a03   Thumb Code    26  stm32f10x_rcc.o(.text)
    RCC_APB1PeriphResetCmd                   0x08000a1d   Thumb Code    26  stm32f10x_rcc.o(.text)
    RCC_BackupResetCmd                       0x08000a37   Thumb Code     8  stm32f10x_rcc.o(.text)
    RCC_ClockSecuritySystemCmd               0x08000a3f   Thumb Code     6  stm32f10x_rcc.o(.text)
    RCC_MCOConfig                            0x08000a45   Thumb Code     6  stm32f10x_rcc.o(.text)
    RCC_ClearFlag                            0x08000a4b   Thumb Code    14  stm32f10x_rcc.o(.text)
    RCC_GetITStatus                          0x08000a59   Thumb Code    20  stm32f10x_rcc.o(.text)
    RCC_ClearITPendingBit                    0x08000a6d   Thumb Code     6  stm32f10x_rcc.o(.text)
    ADC_DeInit                               0x08000aa5   Thumb Code    78  stm32f10x_adc.o(.text)
    ADC_Init                                 0x08000af3   Thumb Code    70  stm32f10x_adc.o(.text)
    ADC_StructInit                           0x08000b39   Thumb Code    18  stm32f10x_adc.o(.text)
    ADC_Cmd                                  0x08000b4b   Thumb Code    22  stm32f10x_adc.o(.text)
    ADC_DMACmd                               0x08000b61   Thumb Code    22  stm32f10x_adc.o(.text)
    ADC_ITConfig                             0x08000b77   Thumb Code    24  stm32f10x_adc.o(.text)
    ADC_ResetCalibration                     0x08000b8f   Thumb Code    10  stm32f10x_adc.o(.text)
    ADC_GetResetCalibrationStatus            0x08000b99   Thumb Code    20  stm32f10x_adc.o(.text)
    ADC_StartCalibration                     0x08000bad   Thumb Code    10  stm32f10x_adc.o(.text)
    ADC_GetCalibrationStatus                 0x08000bb7   Thumb Code    20  stm32f10x_adc.o(.text)
    ADC_SoftwareStartConvCmd                 0x08000bcb   Thumb Code    22  stm32f10x_adc.o(.text)
    ADC_GetSoftwareStartConvStatus           0x08000be1   Thumb Code    20  stm32f10x_adc.o(.text)
    ADC_DiscModeChannelCountConfig           0x08000bf5   Thumb Code    24  stm32f10x_adc.o(.text)
    ADC_DiscModeCmd                          0x08000c0d   Thumb Code    22  stm32f10x_adc.o(.text)
    ADC_RegularChannelConfig                 0x08000c23   Thumb Code   184  stm32f10x_adc.o(.text)
    ADC_ExternalTrigConvCmd                  0x08000cdb   Thumb Code    22  stm32f10x_adc.o(.text)
    ADC_GetConversionValue                   0x08000cf1   Thumb Code     8  stm32f10x_adc.o(.text)
    ADC_GetDualModeConversionValue           0x08000cf9   Thumb Code     8  stm32f10x_adc.o(.text)
    ADC_AutoInjectedConvCmd                  0x08000d01   Thumb Code    22  stm32f10x_adc.o(.text)
    ADC_InjectedDiscModeCmd                  0x08000d17   Thumb Code    22  stm32f10x_adc.o(.text)
    ADC_ExternalTrigInjectedConvConfig       0x08000d2d   Thumb Code    16  stm32f10x_adc.o(.text)
    ADC_ExternalTrigInjectedConvCmd          0x08000d3d   Thumb Code    22  stm32f10x_adc.o(.text)
    ADC_SoftwareStartInjectedConvCmd         0x08000d53   Thumb Code    22  stm32f10x_adc.o(.text)
    ADC_GetSoftwareStartInjectedConvCmdStatus 0x08000d69   Thumb Code    20  stm32f10x_adc.o(.text)
    ADC_InjectedChannelConfig                0x08000d7d   Thumb Code   130  stm32f10x_adc.o(.text)
    ADC_InjectedSequencerLengthConfig        0x08000dff   Thumb Code    24  stm32f10x_adc.o(.text)
    ADC_SetInjectedOffset                    0x08000e17   Thumb Code    20  stm32f10x_adc.o(.text)
    ADC_GetInjectedConversionValue           0x08000e2b   Thumb Code    28  stm32f10x_adc.o(.text)
    ADC_AnalogWatchdogCmd                    0x08000e47   Thumb Code    16  stm32f10x_adc.o(.text)
    ADC_AnalogWatchdogThresholdsConfig       0x08000e57   Thumb Code     6  stm32f10x_adc.o(.text)
    ADC_AnalogWatchdogSingleChannelConfig    0x08000e5d   Thumb Code    16  stm32f10x_adc.o(.text)
    ADC_TempSensorVrefintCmd                 0x08000e6d   Thumb Code    64  stm32f10x_adc.o(.text)
    ADC_GetFlagStatus                        0x08000ead   Thumb Code    18  stm32f10x_adc.o(.text)
    ADC_ClearFlag                            0x08000ebf   Thumb Code     6  stm32f10x_adc.o(.text)
    ADC_GetITStatus                          0x08000ec5   Thumb Code    36  stm32f10x_adc.o(.text)
    ADC_ClearITPendingBit                    0x08000ee9   Thumb Code    10  stm32f10x_adc.o(.text)
    FLASH_SetLatency                         0x08000ef5   Thumb Code    18  stm32f10x_flash.o(.text)
    FLASH_HalfCycleAccessCmd                 0x08000f07   Thumb Code    22  stm32f10x_flash.o(.text)
    FLASH_PrefetchBufferCmd                  0x08000f1d   Thumb Code    22  stm32f10x_flash.o(.text)
    FLASH_Unlock                             0x08000f33   Thumb Code    12  stm32f10x_flash.o(.text)
    FLASH_UnlockBank1                        0x08000f3f   Thumb Code    12  stm32f10x_flash.o(.text)
    FLASH_Lock                               0x08000f4b   Thumb Code    14  stm32f10x_flash.o(.text)
    FLASH_LockBank1                          0x08000f59   Thumb Code    14  stm32f10x_flash.o(.text)
    FLASH_GetBank1Status                     0x08000f67   Thumb Code    48  stm32f10x_flash.o(.text)
    FLASH_WaitForLastOperation               0x08000f97   Thumb Code    38  stm32f10x_flash.o(.text)
    FLASH_ErasePage                          0x08000fbd   Thumb Code    72  stm32f10x_flash.o(.text)
    FLASH_EraseAllPages                      0x08001005   Thumb Code    68  stm32f10x_flash.o(.text)
    FLASH_WaitForLastBank1Operation          0x08001049   Thumb Code    38  stm32f10x_flash.o(.text)
    FLASH_EraseAllBank1Pages                 0x0800106f   Thumb Code    68  stm32f10x_flash.o(.text)
    FLASH_GetReadOutProtectionStatus         0x080010b3   Thumb Code    20  stm32f10x_flash.o(.text)
    FLASH_EraseOptionBytes                   0x080010c7   Thumb Code   150  stm32f10x_flash.o(.text)
    FLASH_ProgramWord                        0x0800115d   Thumb Code   102  stm32f10x_flash.o(.text)
    FLASH_ProgramHalfWord                    0x080011c3   Thumb Code    60  stm32f10x_flash.o(.text)
    FLASH_ProgramOptionByteData              0x080011ff   Thumb Code    72  stm32f10x_flash.o(.text)
    FLASH_EnableWriteProtection              0x08001247   Thumb Code   200  stm32f10x_flash.o(.text)
    FLASH_ReadOutProtection                  0x0800130f   Thumb Code   156  stm32f10x_flash.o(.text)
    FLASH_UserOptionByteConfig               0x080013ab   Thumb Code    88  stm32f10x_flash.o(.text)
    FLASH_GetUserOptionByte                  0x08001403   Thumb Code     8  stm32f10x_flash.o(.text)
    FLASH_GetWriteProtectionOptionByte       0x0800140b   Thumb Code     6  stm32f10x_flash.o(.text)
    FLASH_GetPrefetchBufferStatus            0x08001411   Thumb Code    20  stm32f10x_flash.o(.text)
    FLASH_ITConfig                           0x08001425   Thumb Code    26  stm32f10x_flash.o(.text)
    FLASH_GetFlagStatus                      0x0800143f   Thumb Code    42  stm32f10x_flash.o(.text)
    FLASH_ClearFlag                          0x08001469   Thumb Code     6  stm32f10x_flash.o(.text)
    FLASH_GetStatus                          0x0800146f   Thumb Code    48  stm32f10x_flash.o(.text)
    SystemInit                               0x08001569   Thumb Code    82  system_stm32f10x.o(.text)
    SystemCoreClockUpdate                    0x080015bb   Thumb Code   138  system_stm32f10x.o(.text)
    Reset_Handler                            0x08001665   Thumb Code     8  startup_stm32f10x_md_vl.o(.text)
    NMI_Handler                              0x0800166d   Thumb Code     2  startup_stm32f10x_md_vl.o(.text)
    HardFault_Handler                        0x0800166f   Thumb Code     2  startup_stm32f10x_md_vl.o(.text)
    MemManage_Handler                        0x08001671   Thumb Code     2  startup_stm32f10x_md_vl.o(.text)
    BusFault_Handler                         0x08001673   Thumb Code     2  startup_stm32f10x_md_vl.o(.text)
    UsageFault_Handler                       0x08001675   Thumb Code     2  startup_stm32f10x_md_vl.o(.text)
    SVC_Handler                              0x08001677   Thumb Code     2  startup_stm32f10x_md_vl.o(.text)
    DebugMon_Handler                         0x08001679   Thumb Code     2  startup_stm32f10x_md_vl.o(.text)
    PendSV_Handler                           0x0800167b   Thumb Code     2  startup_stm32f10x_md_vl.o(.text)
    ADC1_IRQHandler                          0x0800167f   Thumb Code     0  startup_stm32f10x_md_vl.o(.text)
    CEC_IRQHandler                           0x0800167f   Thumb Code     0  startup_stm32f10x_md_vl.o(.text)
    DMA1_Channel1_IRQHandler                 0x0800167f   Thumb Code     0  startup_stm32f10x_md_vl.o(.text)
    DMA1_Channel2_IRQHandler                 0x0800167f   Thumb Code     0  startup_stm32f10x_md_vl.o(.text)
    DMA1_Channel3_IRQHandler                 0x0800167f   Thumb Code     0  startup_stm32f10x_md_vl.o(.text)
    DMA1_Channel4_IRQHandler                 0x0800167f   Thumb Code     0  startup_stm32f10x_md_vl.o(.text)
    DMA1_Channel5_IRQHandler                 0x0800167f   Thumb Code     0  startup_stm32f10x_md_vl.o(.text)
    DMA1_Channel6_IRQHandler                 0x0800167f   Thumb Code     0  startup_stm32f10x_md_vl.o(.text)
    DMA1_Channel7_IRQHandler                 0x0800167f   Thumb Code     0  startup_stm32f10x_md_vl.o(.text)
    EXTI0_IRQHandler                         0x0800167f   Thumb Code     0  startup_stm32f10x_md_vl.o(.text)
    EXTI15_10_IRQHandler                     0x0800167f   Thumb Code     0  startup_stm32f10x_md_vl.o(.text)
    EXTI1_IRQHandler                         0x0800167f   Thumb Code     0  startup_stm32f10x_md_vl.o(.text)
    EXTI2_IRQHandler                         0x0800167f   Thumb Code     0  startup_stm32f10x_md_vl.o(.text)
    EXTI3_IRQHandler                         0x0800167f   Thumb Code     0  startup_stm32f10x_md_vl.o(.text)
    EXTI4_IRQHandler                         0x0800167f   Thumb Code     0  startup_stm32f10x_md_vl.o(.text)
    EXTI9_5_IRQHandler                       0x0800167f   Thumb Code     0  startup_stm32f10x_md_vl.o(.text)
    FLASH_IRQHandler                         0x0800167f   Thumb Code     0  startup_stm32f10x_md_vl.o(.text)
    I2C1_ER_IRQHandler                       0x0800167f   Thumb Code     0  startup_stm32f10x_md_vl.o(.text)
    I2C1_EV_IRQHandler                       0x0800167f   Thumb Code     0  startup_stm32f10x_md_vl.o(.text)
    I2C2_ER_IRQHandler                       0x0800167f   Thumb Code     0  startup_stm32f10x_md_vl.o(.text)
    I2C2_EV_IRQHandler                       0x0800167f   Thumb Code     0  startup_stm32f10x_md_vl.o(.text)
    PVD_IRQHandler                           0x0800167f   Thumb Code     0  startup_stm32f10x_md_vl.o(.text)
    RCC_IRQHandler                           0x0800167f   Thumb Code     0  startup_stm32f10x_md_vl.o(.text)
    RTCAlarm_IRQHandler                      0x0800167f   Thumb Code     0  startup_stm32f10x_md_vl.o(.text)
    RTC_IRQHandler                           0x0800167f   Thumb Code     0  startup_stm32f10x_md_vl.o(.text)
    SPI1_IRQHandler                          0x0800167f   Thumb Code     0  startup_stm32f10x_md_vl.o(.text)
    SPI2_IRQHandler                          0x0800167f   Thumb Code     0  startup_stm32f10x_md_vl.o(.text)
    TAMPER_IRQHandler                        0x0800167f   Thumb Code     0  startup_stm32f10x_md_vl.o(.text)
    TIM1_BRK_TIM15_IRQHandler                0x0800167f   Thumb Code     0  startup_stm32f10x_md_vl.o(.text)
    TIM1_CC_IRQHandler                       0x0800167f   Thumb Code     0  startup_stm32f10x_md_vl.o(.text)
    TIM1_TRG_COM_TIM17_IRQHandler            0x0800167f   Thumb Code     0  startup_stm32f10x_md_vl.o(.text)
    TIM1_UP_TIM16_IRQHandler                 0x0800167f   Thumb Code     0  startup_stm32f10x_md_vl.o(.text)
    TIM2_IRQHandler                          0x0800167f   Thumb Code     0  startup_stm32f10x_md_vl.o(.text)
    TIM3_IRQHandler                          0x0800167f   Thumb Code     0  startup_stm32f10x_md_vl.o(.text)
    TIM4_IRQHandler                          0x0800167f   Thumb Code     0  startup_stm32f10x_md_vl.o(.text)
    TIM6_DAC_IRQHandler                      0x0800167f   Thumb Code     0  startup_stm32f10x_md_vl.o(.text)
    TIM7_IRQHandler                          0x0800167f   Thumb Code     0  startup_stm32f10x_md_vl.o(.text)
    USART1_IRQHandler                        0x0800167f   Thumb Code     0  startup_stm32f10x_md_vl.o(.text)
    USART2_IRQHandler                        0x0800167f   Thumb Code     0  startup_stm32f10x_md_vl.o(.text)
    USART3_IRQHandler                        0x0800167f   Thumb Code     0  startup_stm32f10x_md_vl.o(.text)
    WWDG_IRQHandler                          0x0800167f   Thumb Code     0  startup_stm32f10x_md_vl.o(.text)
    __user_initial_stackheap                 0x08001681   Thumb Code     0  startup_stm32f10x_md_vl.o(.text)
    set_sda_inputmode                        0x080016a5   Thumb Code    32  sht11.o(.text)
    set_sda_outputmode                       0x080016c5   Thumb Code    32  sht11.o(.text)
    init                                     0x080016e5   Thumb Code    44  sht11.o(.text)
    Delay                                    0x08001711   Thumb Code    18  sht11.o(.text)
    s_transstart                             0x08001723   Thumb Code   120  sht11.o(.text)
    s_read_byte                              0x0800179b   Thumb Code   158  sht11.o(.text)
    s_write_byte                             0x08001839   Thumb Code   144  sht11.o(.text)
    s_measure                                0x080018c9   Thumb Code   144  sht11.o(.text)
    calc_sth11_temp                          0x08001959   Thumb Code    46  sht11.o(.text)
    calc_sth11_humi                          0x08001987   Thumb Code   198  sht11.o(.text)
    Read_SHT11                               0x08001a4d   Thumb Code   254  sht11.o(.text)
    s_read_statusreg                         0x08001b4b   Thumb Code    42  sht11.o(.text)
    s_write_statusreg                        0x08001b75   Thumb Code    36  sht11.o(.text)
    s_connectionreset                        0x08001b99   Thumb Code    72  sht11.o(.text)
    s_softreset                              0x08001be1   Thumb Code    14  sht11.o(.text)
    Delay_adc                                0x08001c01   Thumb Code    18  hih5031.o(.text)
    init_ADC                                 0x08001c13   Thumb Code   126  hih5031.o(.text)
    Read_HIH5031                             0x08001c91   Thumb Code   154  hih5031.o(.text)
    init_lcd                                 0x08001d65   Thumb Code    76  lcd_display.o(.text)
    delay_us                                 0x08001db1   Thumb Code    14  lcd_display.o(.text)
    delay_ms                                 0x08001dbf   Thumb Code    18  lcd_display.o(.text)
    delay_s                                  0x08001dd1   Thumb Code    16  lcd_display.o(.text)
    LCD_STROBE                               0x08001de1   Thumb Code    30  lcd_display.o(.text)
    data                                     0x08001dff   Thumb Code    58  lcd_display.o(.text)
    cmd                                      0x08001e39   Thumb Code    58  lcd_display.o(.text)
    clear                                    0x08001e73   Thumb Code    16  lcd_display.o(.text)
    lcd_init                                 0x08001e83   Thumb Code    68  lcd_display.o(.text)
    string1                                  0x08001ec7   Thumb Code    22  lcd_display.o(.text)
    satir1                                   0x08001edd   Thumb Code    18  lcd_display.o(.text)
    satir2                                   0x08001eef   Thumb Code    18  lcd_display.o(.text)
    satir3                                   0x08001f01   Thumb Code    18  lcd_display.o(.text)
    satir4                                   0x08001f13   Thumb Code    18  lcd_display.o(.text)
    sayi                                     0x08001f25   Thumb Code   120  lcd_display.o(.text)
    sayi2                                    0x08001f9d   Thumb Code    66  lcd_display.o(.text)
    sayi22                                   0x08001fdf   Thumb Code    56  lcd_display.o(.text)
    test_lcd                                 0x08002017   Thumb Code    14  lcd_display.o(.text)
    flashsil                                 0x08002035   Thumb Code    32  flash.o(.text)
    flashyaz                                 0x08002055   Thumb Code    56  flash.o(.text)
    flashyaz_adr                             0x0800208d   Thumb Code    24  flash.o(.text)
    flashyaz_name                            0x080020a5   Thumb Code   172  flash.o(.text)
    flashyaz_val                             0x08002151   Thumb Code    34  flash.o(.text)
    oku_name                                 0x08002173   Thumb Code   144  flash.o(.text)
    oku_hum                                  0x08002203   Thumb Code    14  flash.o(.text)
    oku_temp                                 0x08002211   Thumb Code    14  flash.o(.text)
    devmenu                                  0x0800222d   Thumb Code   102  armenu.o(.text)
    mainmenu                                 0x08002293   Thumb Code   166  armenu.o(.text)
    isimkaydet                               0x08002339   Thumb Code   312  armenu.o(.text)
    kayitmenu                                0x08002471   Thumb Code   854  armenu.o(.text)
    gerisay                                  0x080027c7   Thumb Code    82  armenu.o(.text)
    olcumlerikaydet                          0x08002819   Thumb Code   134  armenu.o(.text)
    olcumal                                  0x0800289f   Thumb Code   146  armenu.o(.text)
    showmenu                                 0x08002931   Thumb Code   218  armenu.o(.text)
    __2sprintf                               0x08002ab9   Thumb Code    34  noretval__2sprintf.o(.text)
    __printf                                 0x08002ae1   Thumb Code   104  __printf.o(.text)
    _printf_int_hex                          0x08002b49   Thumb Code    88  _printf_hex_int.o(.text)
    _printf_longlong_hex                     0x08002b49   Thumb Code     0  _printf_hex_int.o(.text)
    strcpy                                   0x08002ba5   Thumb Code    72  strcpy.o(.text)
    strlen                                   0x08002bed   Thumb Code    62  strlen.o(.text)
    __use_two_region_memory                  0x08002c2b   Thumb Code     2  heapauxi.o(.text)
    __rt_heap_escrow$2region                 0x08002c2d   Thumb Code     2  heapauxi.o(.text)
    __rt_heap_expand$2region                 0x08002c2f   Thumb Code     2  heapauxi.o(.text)
    _printf_int_common                       0x08002c31   Thumb Code   184  _printf_intcommon.o(.text)
    _printf_char_common                      0x08002cf3   Thumb Code    32  _printf_char_common.o(.text)
    _sputc                                   0x08002d19   Thumb Code    10  _sputc.o(.text)
    __user_setup_stackheap                   0x08002d23   Thumb Code    74  sys_stackheap_outer.o(.text)
    exit                                     0x08002d6d   Thumb Code    12  exit.o(.text)
    __user_libspace                          0x08002d79   Thumb Code     8  libspace.o(.text)
    __user_perproc_libspace                  0x08002d79   Thumb Code     0  libspace.o(.text)
    __user_perthread_libspace                0x08002d79   Thumb Code     0  libspace.o(.text)
    _sys_exit                                0x08002d81   Thumb Code     8  sys_exit.o(.text)
    __I$use$semihosting                      0x08002d8d   Thumb Code     0  use_no_semi.o(.text)
    __use_no_semihosting_swi                 0x08002d8d   Thumb Code     2  use_no_semi.o(.text)
    __semihosting_library_function           0x08002d8f   Thumb Code     0  indicate_semi.o(.text)
    __aeabi_d2f                              0x08002d91   Thumb Code     0  d2f.o(x$fpl$d2f)
    _d2f                                     0x08002d91   Thumb Code    98  d2f.o(x$fpl$d2f)
    __aeabi_dadd                             0x08002df5   Thumb Code     0  daddsub_clz.o(x$fpl$dadd)
    _dadd                                    0x08002df5   Thumb Code   332  daddsub_clz.o(x$fpl$dadd)
    __fpl_dcmp_Inf                           0x08002f45   Thumb Code    24  dcmpi.o(x$fpl$dcmpinf)
    __aeabi_ddiv                             0x08002f5d   Thumb Code     0  ddiv.o(x$fpl$ddiv)
    _ddiv                                    0x08002f5d   Thumb Code   552  ddiv.o(x$fpl$ddiv)
    __aeabi_i2d                              0x0800320d   Thumb Code     0  dflt_clz.o(x$fpl$dflt)
    _dflt                                    0x0800320d   Thumb Code    46  dflt_clz.o(x$fpl$dflt)
    __aeabi_ui2d                             0x0800323b   Thumb Code     0  dflt_clz.o(x$fpl$dfltu)
    _dfltu                                   0x0800323b   Thumb Code    38  dflt_clz.o(x$fpl$dfltu)
    __aeabi_cdcmple                          0x08003261   Thumb Code     0  dleqf.o(x$fpl$dleqf)
    _dcmple                                  0x08003261   Thumb Code   120  dleqf.o(x$fpl$dleqf)
    __fpl_dcmple_InfNaN                      0x080032c3   Thumb Code     0  dleqf.o(x$fpl$dleqf)
    __aeabi_dmul                             0x080032d9   Thumb Code     0  dmul.o(x$fpl$dmul)
    _dmul                                    0x080032d9   Thumb Code   332  dmul.o(x$fpl$dmul)
    __fpl_dnaninf                            0x0800342d   Thumb Code   156  dnaninf.o(x$fpl$dnaninf)
    __fpl_dretinf                            0x080034c9   Thumb Code    12  dretinf.o(x$fpl$dretinf)
    __aeabi_drsub                            0x080034d5   Thumb Code     0  daddsub_clz.o(x$fpl$drsb)
    _drsb                                    0x080034d5   Thumb Code    22  daddsub_clz.o(x$fpl$drsb)
    __aeabi_dsub                             0x080034ed   Thumb Code     0  daddsub_clz.o(x$fpl$dsub)
    _dsub                                    0x080034ed   Thumb Code   464  daddsub_clz.o(x$fpl$dsub)
    __aeabi_f2d                              0x080036c1   Thumb Code     0  f2d.o(x$fpl$f2d)
    _f2d                                     0x080036c1   Thumb Code    86  f2d.o(x$fpl$f2d)
    __aeabi_fadd                             0x08003719   Thumb Code     0  faddsub_clz.o(x$fpl$fadd)
    _fadd                                    0x08003719   Thumb Code   196  faddsub_clz.o(x$fpl$fadd)
    __fpl_fcmp_Inf                           0x080037dd   Thumb Code    24  fcmpi.o(x$fpl$fcmpinf)
    __aeabi_fdiv                             0x080037f5   Thumb Code     0  fdiv.o(x$fpl$fdiv)
    _fdiv                                    0x080037f5   Thumb Code   384  fdiv.o(x$fpl$fdiv)
    __aeabi_f2iz                             0x08003979   Thumb Code     0  ffix.o(x$fpl$ffix)
    _ffix                                    0x08003979   Thumb Code    54  ffix.o(x$fpl$ffix)
    __aeabi_f2uiz                            0x080039b1   Thumb Code     0  ffixu.o(x$fpl$ffixu)
    _ffixu                                   0x080039b1   Thumb Code    62  ffixu.o(x$fpl$ffixu)
    __aeabi_i2f                              0x080039f1   Thumb Code     0  fflt_clz.o(x$fpl$fflt)
    _fflt                                    0x080039f1   Thumb Code    48  fflt_clz.o(x$fpl$fflt)
    __aeabi_ui2f                             0x08003a21   Thumb Code     0  fflt_clz.o(x$fpl$ffltu)
    _ffltu                                   0x08003a21   Thumb Code    38  fflt_clz.o(x$fpl$ffltu)
    __aeabi_cfcmple                          0x08003a49   Thumb Code     0  fleqf.o(x$fpl$fleqf)
    _fcmple                                  0x08003a49   Thumb Code   104  fleqf.o(x$fpl$fleqf)
    __fpl_fcmple_InfNaN                      0x08003a9b   Thumb Code     0  fleqf.o(x$fpl$fleqf)
    __aeabi_fmul                             0x08003ab1   Thumb Code     0  fmul.o(x$fpl$fmul)
    _fmul                                    0x08003ab1   Thumb Code   258  fmul.o(x$fpl$fmul)
    __fpl_fnaninf                            0x08003bb3   Thumb Code   140  fnaninf.o(x$fpl$fnaninf)
    __fpl_fretinf                            0x08003c3f   Thumb Code    10  fretinf.o(x$fpl$fretinf)
    __aeabi_cfrcmple                         0x08003c49   Thumb Code     0  frleqf.o(x$fpl$frleqf)
    _frcmple                                 0x08003c49   Thumb Code    98  frleqf.o(x$fpl$frleqf)
    __aeabi_frsub                            0x08003cab   Thumb Code     0  faddsub_clz.o(x$fpl$frsb)
    _frsb                                    0x08003cab   Thumb Code    20  faddsub_clz.o(x$fpl$frsb)
    __aeabi_fsub                             0x08003cc1   Thumb Code     0  faddsub_clz.o(x$fpl$fsub)
    _fsub                                    0x08003cc1   Thumb Code   234  faddsub_clz.o(x$fpl$fsub)
    __I$use$fp                               0x08003daa   Number         0  usenofp.o(x$fpl$usenofp)
    Region$$Table$$Base                      0x08003e50   Number         0  anon$$obj.o(Region$$Table)
    Region$$Table$$Limit                     0x08003e70   Number         0  anon$$obj.o(Region$$Table)
    seek                                     0x20000000   Data           4  main.o(.data)
    seekptr                                  0x20000004   Data           4  main.o(.data)
    press                                    0x20000008   Data           4  main.o(.data)
    press_again                              0x2000000c   Data           4  main.o(.data)
    address                                  0x20000010   Data           4  main.o(.data)
    cnt                                      0x20000014   Data           4  main.o(.data)
    timer                                    0x20000018   Data           4  main.o(.data)
    HIH5031_humm                             0x2000001c   Data           4  main.o(.data)
    dum1                                     0x20000020   Data           4  main.o(.data)
    dum2                                     0x20000024   Data           4  main.o(.data)
    HIH5031_humm2                            0x20000028   Data           4  main.o(.data)
    error                                    0x2000002c   Data           4  main.o(.data)
    datadat                                  0x20000030   Data           4  main.o(.data)
    menu                                     0x20000034   Data           4  main.o(.data)
    FLASHStatus                              0x20000038   Data           1  main.o(.data)
    GPIO_InitStruct                          0x2000003a   Data           4  main.o(.data)
    GPIO_InitStruct22                        0x2000003e   Data           4  main.o(.data)
    GPIO_InitStruct2                         0x20000042   Data           4  main.o(.data)
    SystemCoreClock                          0x2000005c   Data           4  system_stm32f10x.o(.data)
    AHBPrescTable                            0x20000060   Data          16  system_stm32f10x.o(.data)
    ucSens_Error                             0x20000070   Data           1  sht11.o(.data)
    iSHT_Temp                                0x20000074   Data           4  sht11.o(.data)
    iSHT_Humi                                0x20000078   Data           4  sht11.o(.data)
    GPIO_InitStructure                       0x2000007c   Data           4  hih5031.o(.data)
    msTicks                                  0x20000080   Data           4  hih5031.o(.data)
    sequence                                 0x20000084   Data          43  armenu.o(.data)
    menupage                                 0x200000b0   Data           4  armenu.o(.data)
    selected_record                          0x200000b4   Data           4  armenu.o(.data)
    starttime                                0x200000b8   Data           4  armenu.o(.data)
    cursor                                   0x200000bc   Data           4  armenu.o(.data)
    kayit_submenu                            0x200000c0   Data           4  armenu.o(.data)
    selectedone                              0x200000c4   Data           4  armenu.o(.data)
    SHT11_temp                               0x200000c8   Data           4  armenu.o(.data)
    SHT11_humm                               0x200000cc   Data           4  armenu.o(.data)
    notcalc_temp                             0x200000d0   Data           4  armenu.o(.data)
    notcalc_hum                              0x200000d4   Data           4  armenu.o(.data)
    x                                        0x200000d8   Data           4  armenu.o(.data)
    y                                        0x200000dc   Data           4  armenu.o(.data)
    z                                        0x200000e0   Data           4  armenu.o(.data)
    scalar                                   0x200000e4   Data           4  armenu.o(.data)
    statefirstbyte                           0x200000e8   Data           4  armenu.o(.data)
    holdonmenu                               0x200000ec   Data           4  armenu.o(.data)
    ADC_InitStructure                        0x200000f0   Data          20  hih5031.o(.bss)
    name_tosave                              0x20000104   Data          33  armenu.o(.bss)
    st1                                      0x20000125   Data          10  armenu.o(.bss)
    st2                                      0x2000012f   Data          10  armenu.o(.bss)
    st3                                      0x20000139   Data          10  armenu.o(.bss)
    records                                  0x20000144   Data         400  armenu.o(.bss)
    __libspace_start                         0x200002d4   Data          96  libspace.o(.bss)
    __temporary_stack_top$libspace           0x20000334   Data           0  libspace.o(.bss)



==============================================================================

Memory Map of the image

  Image Entry point : 0x08001665

  Load Region LR_1 (Base: 0x08000000, Size: 0x00003f60, Max: 0xffffffff, ABSOLUTE)

    Execution Region ER_RO (Base: 0x08000000, Size: 0x00003e70, Max: 0xffffffff, ABSOLUTE)

    Base Addr    Size         Type   Attr      Idx    E Section Name        Object

    0x08000000   0x00000120   Data   RO          257    RESET               startup_stm32f10x_md_vl.o
    0x08000120   0x00000008   Code   RO          448  * !!!main             c_w.l(__main.o)
    0x08000128   0x00000034   Code   RO          678    !!!scatter          c_w.l(__scatter.o)
    0x0800015c   0x0000001a   Code   RO          680    !!handler_copy      c_w.l(__scatter_copy.o)
    0x08000176   0x00000002   PAD
    0x08000178   0x0000001c   Code   RO          682    !!handler_zi        c_w.l(__scatter_zi.o)
    0x08000194   0x00000000   Code   RO          441    .ARM.Collect$$_printf_percent$$00000000  c_w.l(_printf_percent.o)
    0x08000194   0x00000006   Code   RO          440    .ARM.Collect$$_printf_percent$$0000000C  c_w.l(_printf_x.o)
    0x0800019a   0x00000004   Code   RO          509    .ARM.Collect$$_printf_percent$$00000017  c_w.l(_printf_percent_end.o)
    0x0800019e   0x00000002   Code   RO          551    .ARM.Collect$$libinit$$00000000  c_w.l(libinit.o)
    0x080001a0   0x00000000   Code   RO          558    .ARM.Collect$$libinit$$00000002  c_w.l(libinit2.o)
    0x080001a0   0x00000000   Code   RO          561    .ARM.Collect$$libinit$$00000008  c_w.l(libinit2.o)
    0x080001a0   0x00000000   Code   RO          563    .ARM.Collect$$libinit$$0000000A  c_w.l(libinit2.o)
    0x080001a0   0x00000000   Code   RO          565    .ARM.Collect$$libinit$$0000000C  c_w.l(libinit2.o)
    0x080001a0   0x00000000   Code   RO          568    .ARM.Collect$$libinit$$0000000F  c_w.l(libinit2.o)
    0x080001a0   0x00000000   Code   RO          570    .ARM.Collect$$libinit$$00000011  c_w.l(libinit2.o)
    0x080001a0   0x00000000   Code   RO          572    .ARM.Collect$$libinit$$00000013  c_w.l(libinit2.o)
    0x080001a0   0x00000000   Code   RO          574    .ARM.Collect$$libinit$$00000015  c_w.l(libinit2.o)
    0x080001a0   0x00000000   Code   RO          576    .ARM.Collect$$libinit$$00000017  c_w.l(libinit2.o)
    0x080001a0   0x00000000   Code   RO          578    .ARM.Collect$$libinit$$00000019  c_w.l(libinit2.o)
    0x080001a0   0x00000000   Code   RO          580    .ARM.Collect$$libinit$$0000001B  c_w.l(libinit2.o)
    0x080001a0   0x00000000   Code   RO          582    .ARM.Collect$$libinit$$0000001D  c_w.l(libinit2.o)
    0x080001a0   0x00000000   Code   RO          584    .ARM.Collect$$libinit$$0000001F  c_w.l(libinit2.o)
    0x080001a0   0x00000000   Code   RO          586    .ARM.Collect$$libinit$$00000021  c_w.l(libinit2.o)
    0x080001a0   0x00000000   Code   RO          588    .ARM.Collect$$libinit$$00000023  c_w.l(libinit2.o)
    0x080001a0   0x00000000   Code   RO          592    .ARM.Collect$$libinit$$0000002A  c_w.l(libinit2.o)
    0x080001a0   0x00000000   Code   RO          594    .ARM.Collect$$libinit$$0000002C  c_w.l(libinit2.o)
    0x080001a0   0x00000000   Code   RO          596    .ARM.Collect$$libinit$$0000002E  c_w.l(libinit2.o)
    0x080001a0   0x00000000   Code   RO          598    .ARM.Collect$$libinit$$00000030  c_w.l(libinit2.o)
    0x080001a0   0x00000002   Code   RO          599    .ARM.Collect$$libinit$$00000031  c_w.l(libinit2.o)
    0x080001a2   0x00000002   Code   RO          619    .ARM.Collect$$libshutdown$$00000000  c_w.l(libshutdown.o)
    0x080001a4   0x00000000   Code   RO          633    .ARM.Collect$$libshutdown$$00000003  c_w.l(libshutdown2.o)
    0x080001a4   0x00000000   Code   RO          636    .ARM.Collect$$libshutdown$$00000006  c_w.l(libshutdown2.o)
    0x080001a4   0x00000000   Code   RO          639    .ARM.Collect$$libshutdown$$00000009  c_w.l(libshutdown2.o)
    0x080001a4   0x00000000   Code   RO          641    .ARM.Collect$$libshutdown$$0000000B  c_w.l(libshutdown2.o)
    0x080001a4   0x00000000   Code   RO          644    .ARM.Collect$$libshutdown$$0000000E  c_w.l(libshutdown2.o)
    0x080001a4   0x00000002   Code   RO          645    .ARM.Collect$$libshutdown$$0000000F  c_w.l(libshutdown2.o)
    0x080001a6   0x00000000   Code   RO          502    .ARM.Collect$$rtentry$$00000000  c_w.l(rtentry.o)
    0x080001a6   0x00000000   Code   RO          524    .ARM.Collect$$rtentry$$00000002  c_w.l(rtentry2.o)
    0x080001a6   0x00000006   Code   RO          536    .ARM.Collect$$rtentry$$00000004  c_w.l(rtentry4.o)
    0x080001ac   0x00000000   Code   RO          526    .ARM.Collect$$rtentry$$00000009  c_w.l(rtentry2.o)
    0x080001ac   0x00000004   Code   RO          527    .ARM.Collect$$rtentry$$0000000A  c_w.l(rtentry2.o)
    0x080001b0   0x00000000   Code   RO          529    .ARM.Collect$$rtentry$$0000000C  c_w.l(rtentry2.o)
    0x080001b0   0x00000008   Code   RO          530    .ARM.Collect$$rtentry$$0000000D  c_w.l(rtentry2.o)
    0x080001b8   0x00000002   Code   RO          555    .ARM.Collect$$rtexit$$00000000  c_w.l(rtexit.o)
    0x080001ba   0x00000000   Code   RO          601    .ARM.Collect$$rtexit$$00000002  c_w.l(rtexit2.o)
    0x080001ba   0x00000004   Code   RO          602    .ARM.Collect$$rtexit$$00000003  c_w.l(rtexit2.o)
    0x080001be   0x00000006   Code   RO          603    .ARM.Collect$$rtexit$$00000004  c_w.l(rtexit2.o)
    0x080001c4   0x000001c4   Code   RO            3    .text               main.o
    0x08000388   0x00000358   Code   RO          145    .text               stm32f10x_gpio.o
    0x080006e0   0x000003c4   Code   RO          169    .text               stm32f10x_rcc.o
    0x08000aa4   0x0000044e   Code   RO          191    .text               stm32f10x_adc.o
    0x08000ef2   0x00000002   PAD
    0x08000ef4   0x000005bc   Code   RO          211    .text               stm32f10x_flash.o
    0x080014b0   0x000001b4   Code   RO          231    .text               system_stm32f10x.o
    0x08001664   0x00000040   Code   RO          258  * .text               startup_stm32f10x_md_vl.o
    0x080016a4   0x0000055c   Code   RO          264    .text               sht11.o
    0x08001c00   0x00000164   Code   RO          291    .text               hih5031.o
    0x08001d64   0x000002d0   Code   RO          318    .text               lcd_display.o
    0x08002034   0x000001f8   Code   RO          342    .text               flash.o
    0x0800222c   0x0000088c   Code   RO          365    .text               armenu.o
    0x08002ab8   0x00000028   Code   RO          395    .text               c_w.l(noretval__2sprintf.o)
    0x08002ae0   0x00000068   Code   RO          397    .text               c_w.l(__printf.o)
    0x08002b48   0x0000005c   Code   RO          402    .text               c_w.l(_printf_hex_int.o)
    0x08002ba4   0x00000048   Code   RO          442    .text               c_w.l(strcpy.o)
    0x08002bec   0x0000003e   Code   RO          444    .text               c_w.l(strlen.o)
    0x08002c2a   0x00000006   Code   RO          446    .text               c_w.l(heapauxi.o)
    0x08002c30   0x000000b8   Code   RO          503    .text               c_w.l(_printf_intcommon.o)
    0x08002ce8   0x00000030   Code   RO          505    .text               c_w.l(_printf_char_common.o)
    0x08002d18   0x0000000a   Code   RO          507    .text               c_w.l(_sputc.o)
    0x08002d22   0x0000004a   Code   RO          542    .text               c_w.l(sys_stackheap_outer.o)
    0x08002d6c   0x0000000c   Code   RO          544    .text               c_w.l(exit.o)
    0x08002d78   0x00000008   Code   RO          552    .text               c_w.l(libspace.o)
    0x08002d80   0x0000000c   Code   RO          611    .text               c_w.l(sys_exit.o)
    0x08002d8c   0x00000002   Code   RO          622    .text               c_w.l(use_no_semi.o)
    0x08002d8e   0x00000000   Code   RO          624    .text               c_w.l(indicate_semi.o)
    0x08002d8e   0x00000002   PAD
    0x08002d90   0x00000062   Code   RO          450    x$fpl$d2f           fz_ws.l(d2f.o)
    0x08002df2   0x00000002   PAD
    0x08002df4   0x00000150   Code   RO          452    x$fpl$dadd          fz_ws.l(daddsub_clz.o)
    0x08002f44   0x00000018   Code   RO          510    x$fpl$dcmpinf       fz_ws.l(dcmpi.o)
    0x08002f5c   0x000002b0   Code   RO          459    x$fpl$ddiv          fz_ws.l(ddiv.o)
    0x0800320c   0x0000002e   Code   RO          463    x$fpl$dflt          fz_ws.l(dflt_clz.o)
    0x0800323a   0x00000026   Code   RO          462    x$fpl$dfltu         fz_ws.l(dflt_clz.o)
    0x08003260   0x00000078   Code   RO          468    x$fpl$dleqf         fz_ws.l(dleqf.o)
    0x080032d8   0x00000154   Code   RO          470    x$fpl$dmul          fz_ws.l(dmul.o)
    0x0800342c   0x0000009c   Code   RO          512    x$fpl$dnaninf       fz_ws.l(dnaninf.o)
    0x080034c8   0x0000000c   Code   RO          514    x$fpl$dretinf       fz_ws.l(dretinf.o)
    0x080034d4   0x00000016   Code   RO          453    x$fpl$drsb          fz_ws.l(daddsub_clz.o)
    0x080034ea   0x00000002   PAD
    0x080034ec   0x000001d4   Code   RO          454    x$fpl$dsub          fz_ws.l(daddsub_clz.o)
    0x080036c0   0x00000056   Code   RO          472    x$fpl$f2d           fz_ws.l(f2d.o)
    0x08003716   0x00000002   PAD
    0x08003718   0x000000c4   Code   RO          474    x$fpl$fadd          fz_ws.l(faddsub_clz.o)
    0x080037dc   0x00000018   Code   RO          540    x$fpl$fcmpinf       fz_ws.l(fcmpi.o)
    0x080037f4   0x00000184   Code   RO          481    x$fpl$fdiv          fz_ws.l(fdiv.o)
    0x08003978   0x00000036   Code   RO          484    x$fpl$ffix          fz_ws.l(ffix.o)
    0x080039ae   0x00000002   PAD
    0x080039b0   0x0000003e   Code   RO          488    x$fpl$ffixu         fz_ws.l(ffixu.o)
    0x080039ee   0x00000002   PAD
    0x080039f0   0x00000030   Code   RO          493    x$fpl$fflt          fz_ws.l(fflt_clz.o)
    0x08003a20   0x00000026   Code   RO          492    x$fpl$ffltu         fz_ws.l(fflt_clz.o)
    0x08003a46   0x00000002   PAD
    0x08003a48   0x00000068   Code   RO          516    x$fpl$fleqf         fz_ws.l(fleqf.o)
    0x08003ab0   0x00000102   Code   RO          498    x$fpl$fmul          fz_ws.l(fmul.o)
    0x08003bb2   0x0000008c   Code   RO          518    x$fpl$fnaninf       fz_ws.l(fnaninf.o)
    0x08003c3e   0x0000000a   Code   RO          520    x$fpl$fretinf       fz_ws.l(fretinf.o)
    0x08003c48   0x00000062   Code   RO          500    x$fpl$frleqf        fz_ws.l(frleqf.o)
    0x08003caa   0x00000014   Code   RO          475    x$fpl$frsb          fz_ws.l(faddsub_clz.o)
    0x08003cbe   0x00000002   PAD
    0x08003cc0   0x000000ea   Code   RO          476    x$fpl$fsub          fz_ws.l(faddsub_clz.o)
    0x08003daa   0x00000000   Code   RO          522    x$fpl$usenofp       fz_ws.l(usenofp.o)
    0x08003daa   0x00000002   PAD
    0x08003dac   0x00000030   Data   RO          319    .constdata          lcd_display.o
    0x08003ddc   0x00000049   Data   RO          367    .constdata          armenu.o
    0x08003e25   0x00000028   Data   RO          403    .constdata          c_w.l(_printf_hex_int.o)
    0x08003e4d   0x00000003   PAD
    0x08003e50   0x00000020   Data   RO          676    Region$$Table       anon$$obj.o


    Execution Region ER_RW (Base: 0x20000000, Size: 0x000000f0, Max: 0xffffffff, ABSOLUTE)

    Base Addr    Size         Type   Attr      Idx    E Section Name        Object

    0x20000000   0x00000046   Data   RW            5    .data               main.o
    0x20000046   0x00000014   Data   RW          170    .data               stm32f10x_rcc.o
    0x2000005a   0x00000002   PAD
    0x2000005c   0x00000014   Data   RW          232    .data               system_stm32f10x.o
    0x20000070   0x0000000c   Data   RW          266    .data               sht11.o
    0x2000007c   0x00000008   Data   RW          293    .data               hih5031.o
    0x20000084   0x0000006c   Data   RW          368    .data               armenu.o


    Execution Region ER_ZI (Base: 0x200000f0, Size: 0x00000848, Max: 0xffffffff, ABSOLUTE)

    Base Addr    Size         Type   Attr      Idx    E Section Name        Object

    0x200000f0   0x00000014   Zero   RW          292    .bss                hih5031.o
    0x20000104   0x000001d0   Zero   RW          366    .bss                armenu.o
    0x200002d4   0x00000060   Zero   RW          553    .bss                c_w.l(libspace.o)
    0x20000334   0x00000004   PAD
    0x20000338   0x00000200   Zero   RW          256    HEAP                startup_stm32f10x_md_vl.o
    0x20000538   0x00000400   Zero   RW          255    STACK               startup_stm32f10x_md_vl.o


==============================================================================

Image component sizes


      Code (inc. data)   RO Data    RW Data    ZI Data      Debug   Object Name

      2188        522         73        108        464       4742   armenu.o
       504         14          0          0          0       2606   flash.o
       356         58          0          8         20       1373   hih5031.o
       720         16         48          0          0       3251   lcd_display.o
       452         60          0         70          0     266403   main.o
      1372         92          0         12          0       4498   sht11.o
        64         26        288          0       1536        808   startup_stm32f10x_md_vl.o
      1102         26          0          0          0      10761   stm32f10x_adc.o
      1468         34          0          0          0       7958   stm32f10x_flash.o
       856         40          0          0          0       5569   stm32f10x_gpio.o
       964         50          0         20          0       9070   stm32f10x_rcc.o
       436         32          0         20          0       1851   system_stm32f10x.o

    ----------------------------------------------------------------------
     10484        970        441        240       2020     318890   Object Totals
         0          0         32          0          0          0   (incl. Generated)
         2          0          0          2          0          0   (incl. Padding)

    ----------------------------------------------------------------------

      Code (inc. data)   RO Data    RW Data    ZI Data      Debug   Library Member Name

         8          0          0          0          0         68   __main.o
       104          0          0          0          0         84   __printf.o
        52          8          0          0          0          0   __scatter.o
        26          0          0          0          0          0   __scatter_copy.o
        28          0          0          0          0          0   __scatter_zi.o
        48          6          0          0          0         96   _printf_char_common.o
        92          4         40          0          0         88   _printf_hex_int.o
       184          0          0          0          0         88   _printf_intcommon.o
         0          0          0          0          0          0   _printf_percent.o
         4          0          0          0          0          0   _printf_percent_end.o
         6          0          0          0          0          0   _printf_x.o
        10          0          0          0          0         68   _sputc.o
        12          0          0          0          0         72   exit.o
         6          0          0          0          0        152   heapauxi.o
         0          0          0          0          0          0   indicate_semi.o
         2          0          0          0          0          0   libinit.o
         2          0          0          0          0          0   libinit2.o
         2          0          0          0          0          0   libshutdown.o
         2          0          0          0          0          0   libshutdown2.o
         8          4          0          0         96         68   libspace.o
        40          6          0          0          0         84   noretval__2sprintf.o
         0          0          0          0          0          0   rtentry.o
        12          0          0          0          0          0   rtentry2.o
         6          0          0          0          0          0   rtentry4.o
         2          0          0          0          0          0   rtexit.o
        10          0          0          0          0          0   rtexit2.o
        72          0          0          0          0         80   strcpy.o
        62          0          0          0          0         76   strlen.o
        12          4          0          0          0         68   sys_exit.o
        74          0          0          0          0         80   sys_stackheap_outer.o
         2          0          0          0          0         68   use_no_semi.o
        98          4          0          0          0         92   d2f.o
       826         16          0          0          0        348   daddsub_clz.o
        24          0          0          0          0         68   dcmpi.o
       688        140          0          0          0        208   ddiv.o
        84          0          0          0          0        136   dflt_clz.o
       120          4          0          0          0         92   dleqf.o
       340         12          0          0          0        104   dmul.o
       156          4          0          0          0         92   dnaninf.o
        12          0          0          0          0         68   dretinf.o
        86          4          0          0          0         84   f2d.o
       450          8          0          0          0        236   faddsub_clz.o
        24          0          0          0          0         68   fcmpi.o
       388         76          0          0          0         96   fdiv.o
        54          4          0          0          0         84   ffix.o
        62          4          0          0          0         84   ffixu.o
        86          0          0          0          0        136   fflt_clz.o
       104          4          0          0          0         84   fleqf.o
       258          4          0          0          0         84   fmul.o
       140          4          0          0          0         84   fnaninf.o
        10          0          0          0          0         68   fretinf.o
        98          0          0          0          0         68   frleqf.o
         0          0          0          0          0          0   usenofp.o

    ----------------------------------------------------------------------
      5016        320         43          0        100       3624   Library Totals
        20          0          3          0          4          0   (incl. Padding)

    ----------------------------------------------------------------------

      Code (inc. data)   RO Data    RW Data    ZI Data      Debug   Library Name

       888         32         40          0         96       1240   c_w.l
      4108        288          0          0          0       2384   fz_ws.l

    ----------------------------------------------------------------------
      5016        320         43          0        100       3624   Library Totals

    ----------------------------------------------------------------------

==============================================================================


      Code (inc. data)   RO Data    RW Data    ZI Data      Debug   

     15500       1290        484        240       2120     319082   Grand Totals
     15500       1290        484        240       2120     319082   ELF Image Totals
     15500       1290        484        240          0          0   ROM Totals

==============================================================================

    Total RO  Size (Code + RO Data)                15984 (  15.61kB)
    Total RW  Size (RW Data + ZI Data)              2360 (   2.30kB)
    Total ROM Size (Code + RO Data + RW Data)      16224 (  15.84kB)

==============================================================================

